Archive member included to satisfy reference by file (symbol)

/home/yxuan/Documents/ESL_Team_8/software_package/gcc-arm-none-eabi/bin/../lib/gcc/arm-none-eabi/8.2.1/../../../../arm-none-eabi/lib/thumb/v6-m/nofp/libc_nano.a(lib_a-exit.o)
                              /home/yxuan/Documents/ESL_Team_8/software_package/gcc-arm-none-eabi/bin/../lib/gcc/arm-none-eabi/8.2.1/../../../../arm-none-eabi/lib/thumb/v6-m/nofp/crt0.o (exit)
/home/yxuan/Documents/ESL_Team_8/software_package/gcc-arm-none-eabi/bin/../lib/gcc/arm-none-eabi/8.2.1/../../../../arm-none-eabi/lib/thumb/v6-m/nofp/libc_nano.a(lib_a-impure.o)
                              /home/yxuan/Documents/ESL_Team_8/software_package/gcc-arm-none-eabi/bin/../lib/gcc/arm-none-eabi/8.2.1/../../../../arm-none-eabi/lib/thumb/v6-m/nofp/libc_nano.a(lib_a-exit.o) (_global_impure_ptr)
/home/yxuan/Documents/ESL_Team_8/software_package/gcc-arm-none-eabi/bin/../lib/gcc/arm-none-eabi/8.2.1/../../../../arm-none-eabi/lib/thumb/v6-m/nofp/libc_nano.a(lib_a-init.o)
                              /home/yxuan/Documents/ESL_Team_8/software_package/gcc-arm-none-eabi/bin/../lib/gcc/arm-none-eabi/8.2.1/../../../../arm-none-eabi/lib/thumb/v6-m/nofp/crt0.o (__libc_init_array)
/home/yxuan/Documents/ESL_Team_8/software_package/gcc-arm-none-eabi/bin/../lib/gcc/arm-none-eabi/8.2.1/../../../../arm-none-eabi/lib/thumb/v6-m/nofp/libc_nano.a(lib_a-memset.o)
                              /home/yxuan/Documents/ESL_Team_8/software_package/gcc-arm-none-eabi/bin/../lib/gcc/arm-none-eabi/8.2.1/../../../../arm-none-eabi/lib/thumb/v6-m/nofp/crt0.o (memset)
/home/yxuan/Documents/ESL_Team_8/software_package/gcc-arm-none-eabi/bin/../lib/gcc/arm-none-eabi/8.2.1/../../../../arm-none-eabi/lib/thumb/v6-m/nofp/libnosys.a(_exit.o)
                              /home/yxuan/Documents/ESL_Team_8/software_package/gcc-arm-none-eabi/bin/../lib/gcc/arm-none-eabi/8.2.1/../../../../arm-none-eabi/lib/thumb/v6-m/nofp/libc_nano.a(lib_a-exit.o) (_exit)
/home/yxuan/Documents/ESL_Team_8/software_package/gcc-arm-none-eabi/bin/../lib/gcc/arm-none-eabi/8.2.1/../../../../arm-none-eabi/lib/thumb/v6-m/nofp/libm.a(lib_a-s_fabs.o)
                              _build/inv_mpu.o (fabs)
/home/yxuan/Documents/ESL_Team_8/software_package/gcc-arm-none-eabi/bin/../lib/gcc/arm-none-eabi/8.2.1/../../../../arm-none-eabi/lib/thumb/v6-m/nofp/libm.a(lib_a-s_round.o)
                              _build/filter.o (round)
/home/yxuan/Documents/ESL_Team_8/software_package/gcc-arm-none-eabi/bin/../lib/gcc/arm-none-eabi/8.2.1/../../../../arm-none-eabi/lib/thumb/v6-m/nofp/libm.a(lib_a-w_asin.o)
                              _build/mpu_wrapper.o (asin)
/home/yxuan/Documents/ESL_Team_8/software_package/gcc-arm-none-eabi/bin/../lib/gcc/arm-none-eabi/8.2.1/../../../../arm-none-eabi/lib/thumb/v6-m/nofp/libm.a(lib_a-w_atan2.o)
                              _build/mpu_wrapper.o (atan2)
/home/yxuan/Documents/ESL_Team_8/software_package/gcc-arm-none-eabi/bin/../lib/gcc/arm-none-eabi/8.2.1/../../../../arm-none-eabi/lib/thumb/v6-m/nofp/libm.a(lib_a-w_sqrt.o)
                              _build/control.o (sqrt)
/home/yxuan/Documents/ESL_Team_8/software_package/gcc-arm-none-eabi/bin/../lib/gcc/arm-none-eabi/8.2.1/../../../../arm-none-eabi/lib/thumb/v6-m/nofp/libm.a(lib_a-e_asin.o)
                              /home/yxuan/Documents/ESL_Team_8/software_package/gcc-arm-none-eabi/bin/../lib/gcc/arm-none-eabi/8.2.1/../../../../arm-none-eabi/lib/thumb/v6-m/nofp/libm.a(lib_a-w_asin.o) (__ieee754_asin)
/home/yxuan/Documents/ESL_Team_8/software_package/gcc-arm-none-eabi/bin/../lib/gcc/arm-none-eabi/8.2.1/../../../../arm-none-eabi/lib/thumb/v6-m/nofp/libm.a(lib_a-e_atan2.o)
                              /home/yxuan/Documents/ESL_Team_8/software_package/gcc-arm-none-eabi/bin/../lib/gcc/arm-none-eabi/8.2.1/../../../../arm-none-eabi/lib/thumb/v6-m/nofp/libm.a(lib_a-w_atan2.o) (__ieee754_atan2)
/home/yxuan/Documents/ESL_Team_8/software_package/gcc-arm-none-eabi/bin/../lib/gcc/arm-none-eabi/8.2.1/../../../../arm-none-eabi/lib/thumb/v6-m/nofp/libm.a(lib_a-e_sqrt.o)
                              /home/yxuan/Documents/ESL_Team_8/software_package/gcc-arm-none-eabi/bin/../lib/gcc/arm-none-eabi/8.2.1/../../../../arm-none-eabi/lib/thumb/v6-m/nofp/libm.a(lib_a-w_sqrt.o) (__ieee754_sqrt)
/home/yxuan/Documents/ESL_Team_8/software_package/gcc-arm-none-eabi/bin/../lib/gcc/arm-none-eabi/8.2.1/../../../../arm-none-eabi/lib/thumb/v6-m/nofp/libm.a(lib_a-s_atan.o)
                              /home/yxuan/Documents/ESL_Team_8/software_package/gcc-arm-none-eabi/bin/../lib/gcc/arm-none-eabi/8.2.1/../../../../arm-none-eabi/lib/thumb/v6-m/nofp/libm.a(lib_a-e_atan2.o) (atan)
/home/yxuan/Documents/ESL_Team_8/software_package/gcc-arm-none-eabi/bin/../lib/gcc/arm-none-eabi/8.2.1/../../../../arm-none-eabi/lib/thumb/v6-m/nofp/libm.a(lib_a-s_lib_ver.o)
[...]
Memory Configuration

Name             Origin             Length             Attributes
FLASH            0x0000000000018000 0x0000000000028000 xr
RAM              0x0000000020002000 0x0000000000002000 xrw
*default*        0x0000000000000000 0xffffffffffffffff

Linker script and memory map

LOAD /home/yxuan/Documents/ESL_Team_8/software_package/gcc-arm-none-eabi/bin/../lib/gcc/arm-none-eabi/8.2.1/thumb/v6-m/nofp/crti.o
LOAD /home/yxuan/Documents/ESL_Team_8/software_package/gcc-arm-none-eabi/bin/../lib/gcc/arm-none-eabi/8.2.1/thumb/v6-m/nofp/crtbegin.o
LOAD /home/yxuan/Documents/ESL_Team_8/software_package/gcc-arm-none-eabi/bin/../lib/gcc/arm-none-eabi/8.2.1/../../../../arm-none-eabi/lib/thumb/v6-m/nofp/crt0.o
LOAD /home/yxuan/Documents/ESL_Team_8/software_package/gcc-arm-none-eabi/bin/../lib/gcc/arm-none-eabi/8.2.1/../../../../arm-none-eabi/lib/thumb/v6-m/nofp/libc_nano.a
LOAD /home/yxuan/Documents/ESL_Team_8/software_package/gcc-arm-none-eabi/bin/../lib/gcc/arm-none-eabi/8.2.1/../../../../arm-none-eabi/lib/thumb/v6-m/nofp/libnosys.a
LOAD /home/yxuan/Documents/ESL_Team_8/software_package/gcc-arm-none-eabi/bin/../lib/gcc/arm-none-eabi/8.2.1/../../../../arm-none-eabi/lib/thumb/v6-m/nofp/libm.a
LOAD _build/system_nrf51.o
LOAD _build/nrf_delay.o
LOAD _build/in4073.o
LOAD _build/control.o
LOAD _build/gpio.o
LOAD _build/timers.o
LOAD _build/uart.o
LOAD _build/queue.o
LOAD _build/twi.o
LOAD _build/adc.o
LOAD _build/baro.o
LOAD _build/ble.o
LOAD _build/spi_flash.o
LOAD _build/inv_mpu.o
LOAD _build/inv_mpu_dmp_motion_driver.o
LOAD _build/ml.o
LOAD _build/mpu_wrapper.o
LOAD _build/app_error.o
LOAD _build/app_timer.o
LOAD _build/nrf_assert.o
LOAD _build/nrf_drv_common.o
LOAD _build/pstorage.o
LOAD _build/ble_advdata.o
LOAD _build/ble_advertising.o
LOAD _build/ble_conn_params.o
LOAD _build/ble_nus.o
LOAD _build/ble_srv_common.o
LOAD _build/softdevice_handler.o
LOAD _build/filter.o
LOAD _build/drone_to_pc.o
LOAD _build/m_control.o
LOAD _build/gcc_startup_nrf51.o
LOAD /home/yxuan/Documents/ESL_Team_8/software_package/gcc-arm-none-eabi/bin/../lib/gcc/arm-none-eabi/8.2.1/../../../../arm-none-eabi/lib/thumb/v6-m/nofp/libm.a
START GROUP
LOAD /home/yxuan/Documents/ESL_Team_8/software_package/gcc-arm-none-eabi/bin/../lib/gcc/arm-none-eabi/8.2.1/thumb/v6-m/nofp/libgcc.a
LOAD /home/yxuan/Documents/ESL_Team_8/software_package/gcc-arm-none-eabi/bin/../lib/gcc/arm-none-eabi/8.2.1/../../../../arm-none-eabi/lib/thumb/v6-m/nofp/libc_nano.a
END GROUP
START GROUP
LOAD /home/yxuan/Documents/ESL_Team_8/software_package/gcc-arm-none-eabi/bin/../lib/gcc/arm-none-eabi/8.2.1/thumb/v6-m/nofp/libgcc.a
LOAD /home/yxuan/Documents/ESL_Team_8/software_package/gcc-arm-none-eabi/bin/../lib/gcc/arm-none-eabi/8.2.1/../../../../arm-none-eabi/lib/thumb/v6-m/nofp/libc_nano.a
END GROUP
LOAD /home/yxuan/Documents/ESL_Team_8/software_package/gcc-arm-none-eabi/bin/../lib/gcc/arm-none-eabi/8.2.1/thumb/v6-m/nofp/crtend.o
LOAD /home/yxuan/Documents/ESL_Team_8/software_package/gcc-arm-none-eabi/bin/../lib/gcc/arm-none-eabi/8.2.1/thumb/v6-m/nofp/crtn.o
START GROUP
LOAD /home/yxuan/Documents/ESL_Team_8/software_package/gcc-arm-none-eabi/bin/../lib/gcc/arm-none-eabi/8.2.1/thumb/v6-m/nofp/libgcc.a
LOAD /home/yxuan/Documents/ESL_Team_8/software_package/gcc-arm-none-eabi/bin/../lib/gcc/arm-none-eabi/8.2.1/../../../../arm-none-eabi/lib/thumb/v6-m/nofp/libc.a
LOAD /home/yxuan/Documents/ESL_Team_8/software_package/gcc-arm-none-eabi/bin/../lib/gcc/arm-none-eabi/8.2.1/../../../../arm-none-eabi/lib/thumb/v6-m/nofp/libnosys.a
END GROUP

.fs_data_out    0x0000000000000000        0x0
                [!provide]                        PROVIDE (__start_fs_data = .)
 *(fs_data)
                [!provide]                        PROVIDE (__stop_fs_data = .)

.text           0x0000000000018000     0xa3b8
 *(.Vectors)
 .Vectors       0x0000000000018000       0xc0 _build/gcc_startup_nrf51.o
                0x0000000000018000                __Vectors
 *(.text*)
 .text          0x00000000000180c0       0x48 /home/yxuan/Documents/ESL_Team_8/software_package/gcc-arm-none-eabi/bin/../lib/gcc/arm-none-eabi/8.2.1/thumb/v6-m/nofp/crtbegin.o
 .text          0x0000000000018108       0x78 /home/yxuan/Documents/ESL_Team_8/software_package/gcc-arm-none-eabi/bin/../lib/gcc/arm-none-eabi/8.2.1/../../../../arm-none-eabi/lib/thumb/v6-m/nofp/crt0.o
                0x0000000000018108                _mainCRTStartup
                0x0000000000018108                _start
 .text.exit     0x0000000000018180       0x2c /home/yxuan/Documents/ESL_Team_8/software_package/gcc-arm-none-eabi/bin/../lib/gcc/arm-none-eabi/8.2.1/../../../../arm-none-eabi/lib/thumb/v6-m/nofp/libc_nano.a(lib_a-exit.o)
                0x0000000000018180                exit
 .text.__libc_init_array
                0x00000000000181ac       0x48 /home/yxuan/Documents/ESL_Team_8/software_package/gcc-arm-none-eabi/bin/../lib/gcc/arm-none-eabi/8.2.1/../../../../arm-none-eabi/lib/thumb/v6-m/nofp/libc_nano.a(lib_a-init.o)
                0x00000000000181ac                __libc_init_array
 .text.memset   0x00000000000181f4       0x10 /home/yxuan/Documents/ESL_Team_8/software_package/gcc-arm-none-eabi/bin/../lib/gcc/arm-none-eabi/8.2.1/../../../../arm-none-eabi/lib/thumb/v6-m/nofp/libc_nano.a(lib_a-memset.o)
                0x00000000000181f4                memset
 .text._exit    0x0000000000018204        0x4 /home/yxuan/Documents/ESL_Team_8/software_package/gcc-arm-none-eabi/bin/../lib/gcc/arm-none-eabi/8.2.1/../../../../arm-none-eabi/lib/thumb/v6-m/nofp/libnosys.a(_exit.o)
                0x0000000000018204                _exit
 .text.SystemInit
                0x0000000000018208       0x8c _build/system_nrf51.o
                0x0000000000018208                SystemInit
 .text.nrf_delay_ms
                0x0000000000018294       0x3c _build/nrf_delay.o
                0x0000000000018294                nrf_delay_ms
 .text.startup.main
                0x00000000000182d0      0x184 _build/in4073.o
                0x00000000000182d0                main
 .text.update_motors
                0x0000000000018454       0x58 _build/control.o
                0x0000000000018454                update_motors
 .text.yaw_cal  0x00000000000184ac       0x74 _build/control.o
                0x00000000000184ac                yaw_cal
 .text.roll_cal
                0x0000000000018520       0xd8 _build/control.o
                0x0000000000018520                roll_cal
 .text.raw_ctr  0x00000000000185f8       0xf0 _build/control.o
                0x00000000000185f8                raw_ctr
 .text.height_ctr
                0x00000000000186e8       0x6c _build/control.o
                0x00000000000186e8                height_ctr
 .text.manualModePacket
                0x0000000000018754       0x44 _build/control.o
                0x0000000000018754                manualModePacket
 .text.calculateMotorRPM
                0x0000000000018798      0x15c _build/control.o
                0x0000000000018798                calculateMotorRPM
 .text.gpio_init
                0x00000000000188f4       0x8c _build/gpio.o
                0x00000000000188f4                gpio_init
 .text.quadrupel_timer_handler
                0x0000000000018980        0xc _build/timers.o
                0x0000000000018980                quadrupel_timer_handler
 .text.TIMER2_IRQHandler
                0x000000000001898c       0x98 _build/timers.o
                0x000000000001898c                TIMER2_IRQHandler
 .text.TIMER1_IRQHandler
                0x0000000000018a24       0x8c _build/timers.o
                0x0000000000018a24                TIMER1_IRQHandler
 .text.get_time_us
                0x0000000000018ab0       0x20 _build/timers.o
                0x0000000000018ab0                get_time_us
 .text.check_timer_flag
                0x0000000000018ad0        0xc _build/timers.o
                0x0000000000018ad0                check_timer_flag
 .text.clear_timer_flag
                0x0000000000018adc        0xc _build/timers.o
                0x0000000000018adc                clear_timer_flag
 .text.timers_init
                0x0000000000018ae8      0x1d0 _build/timers.o
                0x0000000000018ae8                timers_init
 .text._write   0x0000000000018cb8       0x7c _build/uart.o
                0x0000000000018cb8                _write
 .text.UART0_IRQHandler
                0x0000000000018d34       0x84 _build/uart.o
                0x0000000000018d34                UART0_IRQHandler
 .text.uart_init
                0x0000000000018db8       0xa0 _build/uart.o
                0x0000000000018db8                uart_init
 .text.uart_put_packet
                0x0000000000018e58       0x48 _build/uart.o
                0x0000000000018e58                uart_put_packet
 .text.init_queue
                0x0000000000018ea0       0x14 _build/queue.o
                0x0000000000018ea0                init_queue
 .text.enqueue  0x0000000000018eb4       0x20 _build/queue.o
                0x0000000000018eb4                enqueue
 .text.dequeue  0x0000000000018ed4       0x20 _build/queue.o
                0x0000000000018ed4                dequeue
 .text.flushQueue
                0x0000000000018ef4       0x24 _build/queue.o
                0x0000000000018ef4                flushQueue
 .text.i2c_read
                0x0000000000018f18       0xb4 _build/twi.o
                0x0000000000018f18                i2c_read
 .text.i2c_write
                0x0000000000018fcc       0x64 _build/twi.o
                0x0000000000018fcc                i2c_write
 .text.SPI0_TWI0_IRQHandler
                0x0000000000019030       0x74 _build/twi.o
                0x0000000000019030                SPI0_TWI0_IRQHandler
 .text.twi_init
                0x00000000000190a4       0x84 _build/twi.o
                0x00000000000190a4                twi_init
 .text.adc_request_sample
                0x0000000000019128       0x18 _build/adc.o
                0x0000000000019128                adc_request_sample
 .text.ADC_IRQHandler
                0x0000000000019140       0x24 _build/adc.o
                0x0000000000019140                ADC_IRQHandler
 .text.adc_init
                0x0000000000019164       0x3c _build/adc.o
                0x0000000000019164                adc_init
 .text.read_baro
                0x00000000000191a0      0x1b4 _build/baro.o
                0x00000000000191a0                read_baro
 .text.baro_init
                0x0000000000019354       0x34 _build/baro.o
                0x0000000000019354                baro_init
 .text.SWI1_IRQHandler
                0x0000000000019388       0x10 _build/ble.o
                0x0000000000019388                SWI1_IRQHandler
 .text.spi_flash_init
                0x0000000000019398      0x220 _build/spi_flash.o
                0x0000000000019398                spi_flash_init
 .text.set_int_enable
                0x00000000000195b8       0x84 _build/inv_mpu.o
 .text.mpu_reset_fifo
                0x000000000001963c      0x158 _build/inv_mpu.o
                0x000000000001963c                mpu_reset_fifo
 .text.mpu_get_accel_fsr
                0x0000000000019794       0x64 _build/inv_mpu.o
                0x0000000000019794                mpu_get_accel_fsr
 .text.mpu_set_lpf
                0x00000000000197f8       0x88 _build/inv_mpu.o
                0x00000000000197f8                mpu_set_lpf
 .text.mpu_configure_fifo
                0x0000000000019880       0xb8 _build/inv_mpu.o
                0x0000000000019880                mpu_configure_fifo
 .text.mpu_lp_accel_mode
                0x0000000000019938      0x18c _build/inv_mpu.o
                0x0000000000019938                mpu_lp_accel_mode
 .text.mpu_set_sample_rate
                0x0000000000019ac4       0xf0 _build/inv_mpu.o
                0x0000000000019ac4                mpu_set_sample_rate
 .text.mpu_set_sensors
                0x0000000000019bb4      0x138 _build/inv_mpu.o
                0x0000000000019bb4                mpu_set_sensors
 .text.mpu_init
                0x0000000000019cec      0x1e0 _build/inv_mpu.o
                0x0000000000019cec                mpu_init
 .text.mpu_read_fifo
                0x0000000000019ecc      0x258 _build/inv_mpu.o
                0x0000000000019ecc                mpu_read_fifo
 .text.mpu_read_fifo_stream
                0x000000000001a124       0xb0 _build/inv_mpu.o
                0x000000000001a124                mpu_read_fifo_stream
 .text.mpu_set_bypass
                0x000000000001a1d4       0xe8 _build/inv_mpu.o
                0x000000000001a1d4                mpu_set_bypass
 .text.mpu_set_int_level
                0x000000000001a2bc       0x10 _build/inv_mpu.o
                0x000000000001a2bc                mpu_set_int_level
 .text.mpu_set_int_latched
                0x000000000001a2cc       0x68 _build/inv_mpu.o
                0x000000000001a2cc                mpu_set_int_latched
 .text.mpu_write_mem
                0x000000000001a334       0x54 _build/inv_mpu.o
                0x000000000001a334                mpu_write_mem
 .text.mpu_load_firmware
                0x000000000001a388       0xf4 _build/inv_mpu.o
                0x000000000001a388                mpu_load_firmware
 .text.mpu_set_dmp_state
                0x000000000001a47c       0x88 _build/inv_mpu.o
                0x000000000001a47c                mpu_set_dmp_state
 .text.dmp_load_motion_driver_firmware
                0x000000000001a504       0x1c _build/inv_mpu_dmp_motion_driver.o
                0x000000000001a504                dmp_load_motion_driver_firmware
 .text.dmp_set_orientation
                0x000000000001a520      0x128 _build/inv_mpu_dmp_motion_driver.o
                0x000000000001a520                dmp_set_orientation
 .text.dmp_set_fifo_rate
                0x000000000001a648       0x60 _build/inv_mpu_dmp_motion_driver.o
                0x000000000001a648                dmp_set_fifo_rate
 .text.dmp_set_tap_thresh
                0x000000000001a6a8      0x170 _build/inv_mpu_dmp_motion_driver.o
                0x000000000001a6a8                dmp_set_tap_thresh
 .text.dmp_enable_feature
                0x000000000001a818      0x290 _build/inv_mpu_dmp_motion_driver.o
                0x000000000001a818                dmp_enable_feature
 .text.dmp_read_fifo
                0x000000000001aaa8      0x220 _build/inv_mpu_dmp_motion_driver.o
                0x000000000001aaa8                dmp_read_fifo
 .text.inv_orientation_matrix_to_scalar
                0x000000000001acc8      0x138 _build/ml.o
                0x000000000001acc8                inv_orientation_matrix_to_scalar
 .text.update_euler_from_quaternions
                0x000000000001ae00      0x198 _build/mpu_wrapper.o
                0x000000000001ae00                update_euler_from_quaternions
 .text.get_dmp_data
                0x000000000001af98       0x94 _build/mpu_wrapper.o
                0x000000000001af98                get_dmp_data
 .text.get_raw_sensor_data
                0x000000000001b02c       0x88 _build/mpu_wrapper.o
                0x000000000001b02c                get_raw_sensor_data
 .text.check_sensor_int_flag
                0x000000000001b0b4       0x24 _build/mpu_wrapper.o
                0x000000000001b0b4                check_sensor_int_flag
 .text.imu_init
                0x000000000001b0d8      0x10c _build/mpu_wrapper.o
                0x000000000001b0d8                imu_init
 .text.app_error_handler
                0x000000000001b1e4       0x40 _build/app_error.o
                0x000000000001b1e4                app_error_handler
 .text.rtc1_stop
                0x000000000001b224       0x78 _build/app_timer.o
 .text.RTC1_IRQHandler
                0x000000000001b29c       0xe0 _build/app_timer.o
                0x000000000001b29c                RTC1_IRQHandler
 .text.SWI0_IRQHandler
                0x000000000001b37c      0x4b8 _build/app_timer.o
                0x000000000001b37c                SWI0_IRQHandler
 .text.app_timer_init
                0x000000000001b834       0xe4 _build/app_timer.o
                0x000000000001b834                app_timer_init
 .text.app_timer_create
                0x000000000001b918       0x2c _build/app_timer.o
                0x000000000001b918                app_timer_create
 .text.app_timer_start
                0x000000000001b944       0xf8 _build/app_timer.o
                0x000000000001b944                app_timer_start
 .text.sd_evt_get
                0x000000000001ba3c        0x4 _build/softdevice_handler.o
 .text.sd_ble_evt_get
                0x000000000001ba40        0x4 _build/softdevice_handler.o
 .text.intern_softdevice_events_execute.part.0
                0x000000000001ba44      0x108 _build/softdevice_handler.o
 .text.SWI2_IRQHandler
                0x000000000001bb4c       0x34 _build/softdevice_handler.o
                0x000000000001bb4c                SWI2_IRQHandler
 .text.filter_function
                0x000000000001bb80      0x210 _build/filter.o
                0x000000000001bb80                filter_function
 .text.pckType_check
                0x000000000001bd90       0x80 _build/drone_to_pc.o
                0x000000000001bd90                pckType_check
 .text.set_pckType
                0x000000000001be10       0xb8 _build/drone_to_pc.o
                0x000000000001be10                set_pckType
 .text.packet_on_queue
                0x000000000001bec8       0x60 _build/drone_to_pc.o
                0x000000000001bec8                packet_on_queue
 .text.send_packet
                0x000000000001bf28       0x48 _build/drone_to_pc.o
                0x000000000001bf28                send_packet
 .text.send_mode_change
                0x000000000001bf70       0xc4 _build/drone_to_pc.o
                0x000000000001bf70                send_mode_change
 .text.read_packet
                0x000000000001c034      0x384 _build/drone_to_pc.o
                0x000000000001c034                read_packet
 .text.safe_mode
                0x000000000001c3b8       0x20 _build/m_control.o
                0x000000000001c3b8                safe_mode
 .text.cali_mode
                0x000000000001c3d8       0x1c _build/m_control.o
                0x000000000001c3d8                cali_mode
 .text.panic_mode
                0x000000000001c3f4       0x74 _build/m_control.o
                0x000000000001c3f4                panic_mode
 .text.manual_mode
                0x000000000001c468       0x10 _build/m_control.o
                0x000000000001c468                manual_mode
 .text.yaw_mode
                0x000000000001c478       0x20 _build/m_control.o
                0x000000000001c478                yaw_mode
 .text.full_mode
                0x000000000001c498       0x20 _build/m_control.o
                0x000000000001c498                full_mode
 .text.raw_mode
                0x000000000001c4b8       0x18 _build/m_control.o
                0x000000000001c4b8                raw_mode
 .text.height_mode
                0x000000000001c4d0       0x14 _build/m_control.o
                0x000000000001c4d0                height_mode
 .text.switch_mode
                0x000000000001c4e4       0xe4 _build/m_control.o
                0x000000000001c4e4                switch_mode
 .text          0x000000000001c5c8       0x54 _build/gcc_startup_nrf51.o
                0x000000000001c5c8                Reset_Handler
                0x000000000001c610                NMI_Handler
                0x000000000001c612                HardFault_Handler
                0x000000000001c614                SVC_Handler
                0x000000000001c616                PendSV_Handler
                0x000000000001c618                SysTick_Handler
                0x000000000001c61a                RTC0_IRQHandler
                0x000000000001c61a                GPIOTE_IRQHandler
                0x000000000001c61a                POWER_CLOCK_IRQHandler
                0x000000000001c61a                RADIO_IRQHandler
                0x000000000001c61a                LPCOMP_IRQHandler
                0x000000000001c61a                SWI4_IRQHandler
                0x000000000001c61a                TEMP_IRQHandler
                0x000000000001c61a                QDEC_IRQHandler
                0x000000000001c61a                SWI5_IRQHandler
                0x000000000001c61a                TIMER0_IRQHandler
                0x000000000001c61a                ECB_IRQHandler
                0x000000000001c61a                Default_Handler
                0x000000000001c61a                SWI3_IRQHandler
                0x000000000001c61a                CCM_AAR_IRQHandler
                0x000000000001c61a                WDT_IRQHandler
                0x000000000001c61a                RNG_IRQHandler
                0x000000000001c61a                SPI1_TWI1_IRQHandler
 .text.fabs     0x000000000001c61c        0x8 /home/yxuan/Documents/ESL_Team_8/software_package/gcc-arm-none-eabi/bin/../lib/gcc/arm-none-eabi/8.2.1/../../../../arm-none-eabi/lib/thumb/v6-m/nofp/libm.a(lib_a-s_fabs.o)
                0x000000000001c61c                fabs
 .text.round    0x000000000001c624       0xa8 /home/yxuan/Documents/ESL_Team_8/software_package/gcc-arm-none-eabi/bin/../lib/gcc/arm-none-eabi/8.2.1/../../../../arm-none-eabi/lib/thumb/v6-m/nofp/libm.a(lib_a-s_round.o)
                0x000000000001c624                round
 .text.asin     0x000000000001c6cc       0xbc /home/yxuan/Documents/ESL_Team_8/software_package/gcc-arm-none-eabi/bin/../lib/gcc/arm-none-eabi/8.2.1/../../../../arm-none-eabi/lib/thumb/v6-m/nofp/libm.a(lib_a-w_asin.o)
                0x000000000001c6cc                asin
 .text.atan2    0x000000000001c788        0x8 /home/yxuan/Documents/ESL_Team_8/software_package/gcc-arm-none-eabi/bin/../lib/gcc/arm-none-eabi/8.2.1/../../../../arm-none-eabi/lib/thumb/v6-m/nofp/libm.a(lib_a-w_atan2.o)
                0x000000000001c788                atan2
 .text.sqrt     0x000000000001c790       0xc8 /home/yxuan/Documents/ESL_Team_8/software_package/gcc-arm-none-eabi/bin/../lib/gcc/arm-none-eabi/8.2.1/../../../../arm-none-eabi/lib/thumb/v6-m/nofp/libm.a(lib_a-w_sqrt.o)
                0x000000000001c790                sqrt
 .text.__ieee754_asin
                0x000000000001c858      0x3d0 /home/yxuan/Documents/ESL_Team_8/software_package/gcc-arm-none-eabi/bin/../lib/gcc/arm-none-eabi/8.2.1/../../../../arm-none-eabi/lib/thumb/v6-m/nofp/libm.a(lib_a-e_asin.o)
                0x000000000001c858                __ieee754_asin
 .text.__ieee754_atan2
                0x000000000001cc28      0x17c /home/yxuan/Documents/ESL_Team_8/software_package/gcc-arm-none-eabi/bin/../lib/gcc/arm-none-eabi/8.2.1/../../../../arm-none-eabi/lib/thumb/v6-m/nofp/libm.a(lib_a-e_atan2.o)
                0x000000000001cc28                __ieee754_atan2
 .text.__ieee754_sqrt
                0x000000000001cda4      0x1bc /home/yxuan/Documents/ESL_Team_8/software_package/gcc-arm-none-eabi/bin/../lib/gcc/arm-none-eabi/8.2.1/../../../../arm-none-eabi/lib/thumb/v6-m/nofp/libm.a(lib_a-e_sqrt.o)
                0x000000000001cda4                __ieee754_sqrt
 .text.atan     0x000000000001cf60      0x324 /home/yxuan/Documents/ESL_Team_8/software_package/gcc-arm-none-eabi/bin/../lib/gcc/arm-none-eabi/8.2.1/../../../../arm-none-eabi/lib/thumb/v6-m/nofp/libm.a(lib_a-s_atan.o)
                0x000000000001cf60                atan
 .text.matherr  0x000000000001d284        0x4 /home/yxuan/Documents/ESL_Team_8/software_package/gcc-arm-none-eabi/bin/../lib/gcc/arm-none-eabi/8.2.1/../../../../arm-none-eabi/lib/thumb/v6-m/nofp/libm.a(lib_a-s_matherr.o)
                0x000000000001d284                matherr
 .text.nan      0x000000000001d288        0xc /home/yxuan/Documents/ESL_Team_8/software_package/gcc-arm-none-eabi/bin/../lib/gcc/arm-none-eabi/8.2.1/../../../../arm-none-eabi/lib/thumb/v6-m/nofp/libm.a(lib_a-s_nan.o)
                0x000000000001d288                nan
 .text          0x000000000001d294      0x114 /home/yxuan/Documents/ESL_Team_8/software_package/gcc-arm-none-eabi/bin/../lib/gcc/arm-none-eabi/8.2.1/thumb/v6-m/nofp/libgcc.a(_udivsi3.o)
                0x000000000001d294                __udivsi3
                0x000000000001d294                __aeabi_uidiv
                0x000000000001d3a0                __aeabi_uidivmod
 .text          0x000000000001d3a8      0x1d4 /home/yxuan/Documents/ESL_Team_8/software_package/gcc-arm-none-eabi/bin/../lib/gcc/arm-none-eabi/8.2.1/thumb/v6-m/nofp/libgcc.a(_divsi3.o)
                0x000000000001d3a8                __aeabi_idiv
                0x000000000001d3a8                __divsi3
                0x000000000001d574                __aeabi_idivmod
 .text          0x000000000001d57c        0x4 /home/yxuan/Documents/ESL_Team_8/software_package/gcc-arm-none-eabi/bin/../lib/gcc/arm-none-eabi/8.2.1/thumb/v6-m/nofp/libgcc.a(_dvmd_tls.o)
                0x000000000001d57c                __aeabi_ldiv0
                0x000000000001d57c                __aeabi_idiv0
 .text          0x000000000001d580       0x7c /home/yxuan/Documents/ESL_Team_8/software_package/gcc-arm-none-eabi/bin/../lib/gcc/arm-none-eabi/8.2.1/thumb/v6-m/nofp/libgcc.a(_arm_cmpdf2.o)
                0x000000000001d580                __aeabi_cdrcmple
                0x000000000001d590                __aeabi_cdcmple
                0x000000000001d590                __aeabi_cdcmpeq
                0x000000000001d5a0                __aeabi_dcmpeq
                0x000000000001d5ac                __aeabi_dcmplt
                0x000000000001d5c0                __aeabi_dcmple
                0x000000000001d5d4                __aeabi_dcmpgt
                0x000000000001d5e8                __aeabi_dcmpge
 .text          0x000000000001d5fc       0x74 /home/yxuan/Documents/ESL_Team_8/software_package/gcc-arm-none-eabi/bin/../lib/gcc/arm-none-eabi/8.2.1/thumb/v6-m/nofp/libgcc.a(_arm_cmpsf2.o)
                0x000000000001d5fc                __aeabi_cfrcmple
                0x000000000001d604                __aeabi_cfcmple
                0x000000000001d604                __aeabi_cfcmpeq
                0x000000000001d614                __aeabi_fcmpeq
                0x000000000001d620                __aeabi_fcmplt
                0x000000000001d634                __aeabi_fcmple
                0x000000000001d648                __aeabi_fcmpgt
                0x000000000001d65c                __aeabi_fcmpge
 .text          0x000000000001d670       0x54 /home/yxuan/Documents/ESL_Team_8/software_package/gcc-arm-none-eabi/bin/../lib/gcc/arm-none-eabi/8.2.1/thumb/v6-m/nofp/libgcc.a(_muldi3.o)
                0x000000000001d670                __aeabi_lmul
                0x000000000001d670                __muldi3
 .text          0x000000000001d6c4       0x30 /home/yxuan/Documents/ESL_Team_8/software_package/gcc-arm-none-eabi/bin/../lib/gcc/arm-none-eabi/8.2.1/thumb/v6-m/nofp/libgcc.a(_fixunssfsi.o)
                0x000000000001d6c4                __aeabi_f2uiz
                0x000000000001d6c4                __fixunssfsi
 .text          0x000000000001d6f4       0x3c /home/yxuan/Documents/ESL_Team_8/software_package/gcc-arm-none-eabi/bin/../lib/gcc/arm-none-eabi/8.2.1/thumb/v6-m/nofp/libgcc.a(_fixunsdfsi.o)
                0x000000000001d6f4                __fixunsdfsi
                0x000000000001d6f4                __aeabi_d2uiz
 .text          0x000000000001d730      0x2f8 /home/yxuan/Documents/ESL_Team_8/software_package/gcc-arm-none-eabi/bin/../lib/gcc/arm-none-eabi/8.2.1/thumb/v6-m/nofp/libgcc.a(addsf3.o)
                0x000000000001d730                __aeabi_fadd
 .text          0x000000000001da28      0x230 /home/yxuan/Documents/ESL_Team_8/software_package/gcc-arm-none-eabi/bin/../lib/gcc/arm-none-eabi/8.2.1/thumb/v6-m/nofp/libgcc.a(divsf3.o)
                0x000000000001da28                __aeabi_fdiv
 .text          0x000000000001dc58       0x50 /home/yxuan/Documents/ESL_Team_8/software_package/gcc-arm-none-eabi/bin/../lib/gcc/arm-none-eabi/8.2.1/thumb/v6-m/nofp/libgcc.a(eqsf2.o)
                0x000000000001dc58                __nesf2
                0x000000000001dc58                __eqsf2
 .text          0x000000000001dca8       0x9c /home/yxuan/Documents/ESL_Team_8/software_package/gcc-arm-none-eabi/bin/../lib/gcc/arm-none-eabi/8.2.1/thumb/v6-m/nofp/libgcc.a(gesf2.o)
                0x000000000001dca8                __gtsf2
                0x000000000001dca8                __gesf2
 .text          0x000000000001dd44       0x9c /home/yxuan/Documents/ESL_Team_8/software_package/gcc-arm-none-eabi/bin/../lib/gcc/arm-none-eabi/8.2.1/thumb/v6-m/nofp/libgcc.a(lesf2.o)
                0x000000000001dd44                __lesf2
                0x000000000001dd44                __ltsf2
 .text          0x000000000001dde0      0x22c /home/yxuan/Documents/ESL_Team_8/software_package/gcc-arm-none-eabi/bin/../lib/gcc/arm-none-eabi/8.2.1/thumb/v6-m/nofp/libgcc.a(mulsf3.o)
                0x000000000001dde0                __aeabi_fmul
 .text          0x000000000001e00c      0x34c /home/yxuan/Documents/ESL_Team_8/software_package/gcc-arm-none-eabi/bin/../lib/gcc/arm-none-eabi/8.2.1/thumb/v6-m/nofp/libgcc.a(subsf3.o)
                0x000000000001e00c                __aeabi_fsub
 .text          0x000000000001e358       0x40 /home/yxuan/Documents/ESL_Team_8/software_package/gcc-arm-none-eabi/bin/../lib/gcc/arm-none-eabi/8.2.1/thumb/v6-m/nofp/libgcc.a(fixsfsi.o)
                0x000000000001e358                __aeabi_f2iz
 .text          0x000000000001e398       0x94 /home/yxuan/Documents/ESL_Team_8/software_package/gcc-arm-none-eabi/bin/../lib/gcc/arm-none-eabi/8.2.1/thumb/v6-m/nofp/libgcc.a(floatsisf.o)
                0x000000000001e398                __aeabi_i2f
 .text          0x000000000001e42c       0x80 /home/yxuan/Documents/ESL_Team_8/software_package/gcc-arm-none-eabi/bin/../lib/gcc/arm-none-eabi/8.2.1/thumb/v6-m/nofp/libgcc.a(floatunsisf.o)
                0x000000000001e42c                __aeabi_ui2f
 .text          0x000000000001e4ac      0x6ec /home/yxuan/Documents/ESL_Team_8/software_package/gcc-arm-none-eabi/bin/../lib/gcc/arm-none-eabi/8.2.1/thumb/v6-m/nofp/libgcc.a(adddf3.o)
                0x000000000001e4ac                __aeabi_dadd
 .text          0x000000000001eb98      0x5ec /home/yxuan/Documents/ESL_Team_8/software_package/gcc-arm-none-eabi/bin/../lib/gcc/arm-none-eabi/8.2.1/thumb/v6-m/nofp/libgcc.a(divdf3.o)
                0x000000000001eb98                __aeabi_ddiv
 .text          0x000000000001f184       0x80 /home/yxuan/Documents/ESL_Team_8/software_package/gcc-arm-none-eabi/bin/../lib/gcc/arm-none-eabi/8.2.1/thumb/v6-m/nofp/libgcc.a(eqdf2.o)
                0x000000000001f184                __eqdf2
                0x000000000001f184                __nedf2
 .text          0x000000000001f204       0xc8 /home/yxuan/Documents/ESL_Team_8/software_package/gcc-arm-none-eabi/bin/../lib/gcc/arm-none-eabi/8.2.1/thumb/v6-m/nofp/libgcc.a(gedf2.o)
                0x000000000001f204                __gtdf2
                0x000000000001f204                __gedf2
 .text          0x000000000001f2cc       0xc8 /home/yxuan/Documents/ESL_Team_8/software_package/gcc-arm-none-eabi/bin/../lib/gcc/arm-none-eabi/8.2.1/thumb/v6-m/nofp/libgcc.a(ledf2.o)
                0x000000000001f2cc                __ltdf2
                0x000000000001f2cc                __ledf2
 .text          0x000000000001f394      0x510 /home/yxuan/Documents/ESL_Team_8/software_package/gcc-arm-none-eabi/bin/../lib/gcc/arm-none-eabi/8.2.1/thumb/v6-m/nofp/libgcc.a(muldf3.o)
                0x000000000001f394                __aeabi_dmul
 .text          0x000000000001f8a4      0x730 /home/yxuan/Documents/ESL_Team_8/software_package/gcc-arm-none-eabi/bin/../lib/gcc/arm-none-eabi/8.2.1/thumb/v6-m/nofp/libgcc.a(subdf3.o)
                0x000000000001f8a4                __aeabi_dsub
 .text          0x000000000001ffd4       0x38 /home/yxuan/Documents/ESL_Team_8/software_package/gcc-arm-none-eabi/bin/../lib/gcc/arm-none-eabi/8.2.1/thumb/v6-m/nofp/libgcc.a(unorddf2.o)
                0x000000000001ffd4                __aeabi_dcmpun
 .text          0x000000000002000c       0x6c /home/yxuan/Documents/ESL_Team_8/software_package/gcc-arm-none-eabi/bin/../lib/gcc/arm-none-eabi/8.2.1/thumb/v6-m/nofp/libgcc.a(fixdfsi.o)
                0x000000000002000c                __aeabi_d2iz
 .text          0x0000000000020078       0x78 /home/yxuan/Documents/ESL_Team_8/software_package/gcc-arm-none-eabi/bin/../lib/gcc/arm-none-eabi/8.2.1/thumb/v6-m/nofp/libgcc.a(floatsidf.o)
                0x0000000000020078                __aeabi_i2d
 .text          0x00000000000200f0       0xa4 /home/yxuan/Documents/ESL_Team_8/software_package/gcc-arm-none-eabi/bin/../lib/gcc/arm-none-eabi/8.2.1/thumb/v6-m/nofp/libgcc.a(extendsfdf2.o)
                0x00000000000200f0                __aeabi_f2d
 .text          0x0000000000020194       0x3c /home/yxuan/Documents/ESL_Team_8/software_package/gcc-arm-none-eabi/bin/../lib/gcc/arm-none-eabi/8.2.1/thumb/v6-m/nofp/libgcc.a(_clzsi2.o)
                0x0000000000020194                __clzsi2
 .text.__errno  0x00000000000201d0        0xc /home/yxuan/Documents/ESL_Team_8/software_package/gcc-arm-none-eabi/bin/../lib/gcc/arm-none-eabi/8.2.1/../../../../arm-none-eabi/lib/thumb/v6-m/nofp/libc_nano.a(lib_a-errno.o)
                0x00000000000201d0                __errno
 .text.memcmp   0x00000000000201dc       0x1c /home/yxuan/Documents/ESL_Team_8/software_package/gcc-arm-none-eabi/bin/../lib/gcc/arm-none-eabi/8.2.1/../../../../arm-none-eabi/lib/thumb/v6-m/nofp/libc_nano.a(lib_a-memcmp.o)
                0x00000000000201dc                memcmp
 .text.memcpy   0x00000000000201f8       0x12 /home/yxuan/Documents/ESL_Team_8/software_package/gcc-arm-none-eabi/bin/../lib/gcc/arm-none-eabi/8.2.1/../../../../arm-none-eabi/lib/thumb/v6-m/nofp/libc_nano.a(lib_a-memcpy-stub.o)
                0x00000000000201f8                memcpy
 *fill*         0x000000000002020a        0x2 
 .text.printf   0x000000000002020c       0x34 /home/yxuan/Documents/ESL_Team_8/software_package/gcc-arm-none-eabi/bin/../lib/gcc/arm-none-eabi/8.2.1/../../../../arm-none-eabi/lib/thumb/v6-m/nofp/libc_nano.a(lib_a-printf.o)
                0x000000000002020c                printf
                0x000000000002020c                iprintf
 .text.std      0x0000000000020240       0x48 /home/yxuan/Documents/ESL_Team_8/software_package/gcc-arm-none-eabi/bin/../lib/gcc/arm-none-eabi/8.2.1/../../../../arm-none-eabi/lib/thumb/v6-m/nofp/libc_nano.a(lib_a-findfp.o)
 .text._cleanup_r
                0x0000000000020288       0x10 /home/yxuan/Documents/ESL_Team_8/software_package/gcc-arm-none-eabi/bin/../lib/gcc/arm-none-eabi/8.2.1/../../../../arm-none-eabi/lib/thumb/v6-m/nofp/libc_nano.a(lib_a-findfp.o)
                0x0000000000020288                _cleanup_r
 .text.__sfmoreglue
                0x0000000000020298       0x2c /home/yxuan/Documents/ESL_Team_8/software_package/gcc-arm-none-eabi/bin/../lib/gcc/arm-none-eabi/8.2.1/../../../../arm-none-eabi/lib/thumb/v6-m/nofp/libc_nano.a(lib_a-findfp.o)
                0x0000000000020298                __sfmoreglue
 .text.__sfp_lock_acquire
                0x00000000000202c4       0x10 /home/yxuan/Documents/ESL_Team_8/software_package/gcc-arm-none-eabi/bin/../lib/gcc/arm-none-eabi/8.2.1/../../../../arm-none-eabi/lib/thumb/v6-m/nofp/libc_nano.a(lib_a-findfp.o)
                0x00000000000202c4                __sfp_lock_acquire
 .text.__sfp_lock_release
                0x00000000000202d4       0x10 /home/yxuan/Documents/ESL_Team_8/software_package/gcc-arm-none-eabi/bin/../lib/gcc/arm-none-eabi/8.2.1/../../../../arm-none-eabi/lib/thumb/v6-m/nofp/libc_nano.a(lib_a-findfp.o)
                0x00000000000202d4                __sfp_lock_release
 .text.__sinit_lock_acquire
                0x00000000000202e4       0x10 /home/yxuan/Documents/ESL_Team_8/software_package/gcc-arm-none-eabi/bin/../lib/gcc/arm-none-eabi/8.2.1/../../../../arm-none-eabi/lib/thumb/v6-m/nofp/libc_nano.a(lib_a-findfp.o)
                0x00000000000202e4                __sinit_lock_acquire
 .text.__sinit_lock_release
                0x00000000000202f4       0x10 /home/yxuan/Documents/ESL_Team_8/software_package/gcc-arm-none-eabi/bin/../lib/gcc/arm-none-eabi/8.2.1/../../../../arm-none-eabi/lib/thumb/v6-m/nofp/libc_nano.a(lib_a-findfp.o)
                0x00000000000202f4                __sinit_lock_release
 .text.__sinit  0x0000000000020304       0x70 /home/yxuan/Documents/ESL_Team_8/software_package/gcc-arm-none-eabi/bin/../lib/gcc/arm-none-eabi/8.2.1/../../../../arm-none-eabi/lib/thumb/v6-m/nofp/libc_nano.a(lib_a-findfp.o)
                0x0000000000020304                __sinit
 .text.__sfp    0x0000000000020374       0x90 /home/yxuan/Documents/ESL_Team_8/software_package/gcc-arm-none-eabi/bin/../lib/gcc/arm-none-eabi/8.2.1/../../../../arm-none-eabi/lib/thumb/v6-m/nofp/libc_nano.a(lib_a-findfp.o)
                0x0000000000020374                __sfp
 .text._fwalk_reent
                0x0000000000020404       0x42 /home/yxuan/Documents/ESL_Team_8/software_package/gcc-arm-none-eabi/bin/../lib/gcc/arm-none-eabi/8.2.1/../../../../arm-none-eabi/lib/thumb/v6-m/nofp/libc_nano.a(lib_a-fwalk.o)
                0x0000000000020404                _fwalk_reent
 .text.__retarget_lock_init_recursive
                0x0000000000020446        0x2 /home/yxuan/Documents/ESL_Team_8/software_package/gcc-arm-none-eabi/bin/../lib/gcc/arm-none-eabi/8.2.1/../../../../arm-none-eabi/lib/thumb/v6-m/nofp/libc_nano.a(lib_a-lock.o)
                0x0000000000020446                __retarget_lock_init_recursive
 .text.__retarget_lock_acquire_recursive
                0x0000000000020448        0x2 /home/yxuan/Documents/ESL_Team_8/software_package/gcc-arm-none-eabi/bin/../lib/gcc/arm-none-eabi/8.2.1/../../../../arm-none-eabi/lib/thumb/v6-m/nofp/libc_nano.a(lib_a-lock.o)
                0x0000000000020448                __retarget_lock_acquire_recursive
 .text.__retarget_lock_release_recursive
                0x000000000002044a        0x2 /home/yxuan/Documents/ESL_Team_8/software_package/gcc-arm-none-eabi/bin/../lib/gcc/arm-none-eabi/8.2.1/../../../../arm-none-eabi/lib/thumb/v6-m/nofp/libc_nano.a(lib_a-lock.o)
                0x000000000002044a                __retarget_lock_release_recursive
 .text._malloc_r
                0x000000000002044c       0xbc /home/yxuan/Documents/ESL_Team_8/software_package/gcc-arm-none-eabi/bin/../lib/gcc/arm-none-eabi/8.2.1/../../../../arm-none-eabi/lib/thumb/v6-m/nofp/libc_nano.a(lib_a-nano-mallocr.o)
                0x000000000002044c                _malloc_r
 .text.__sfputc_r
                0x0000000000020508       0x2a /home/yxuan/Documents/ESL_Team_8/software_package/gcc-arm-none-eabi/bin/../lib/gcc/arm-none-eabi/8.2.1/../../../../arm-none-eabi/lib/thumb/v6-m/nofp/libc_nano.a(lib_a-nano-vfprintf.o)
 .text.__sfputs_r
                0x0000000000020532       0x24 /home/yxuan/Documents/ESL_Team_8/software_package/gcc-arm-none-eabi/bin/../lib/gcc/arm-none-eabi/8.2.1/../../../../arm-none-eabi/lib/thumb/v6-m/nofp/libc_nano.a(lib_a-nano-vfprintf.o)
                0x0000000000020532                __sfputs_r
 *fill*         0x0000000000020556        0x2 
 .text._vfprintf_r
                0x0000000000020558      0x26c /home/yxuan/Documents/ESL_Team_8/software_package/gcc-arm-none-eabi/bin/../lib/gcc/arm-none-eabi/8.2.1/../../../../arm-none-eabi/lib/thumb/v6-m/nofp/libc_nano.a(lib_a-nano-vfprintf.o)
                0x0000000000020558                _vfiprintf_r
                0x0000000000020558                _vfprintf_r
 .text._printf_common
                0x00000000000207c4       0xda /home/yxuan/Documents/ESL_Team_8/software_package/gcc-arm-none-eabi/bin/../lib/gcc/arm-none-eabi/8.2.1/../../../../arm-none-eabi/lib/thumb/v6-m/nofp/libc_nano.a(lib_a-nano-vfprintf_i.o)
                0x00000000000207c4                _printf_common
 *fill*         0x000000000002089e        0x2 
 .text._printf_i
                0x00000000000208a0      0x214 /home/yxuan/Documents/ESL_Team_8/software_package/gcc-arm-none-eabi/bin/../lib/gcc/arm-none-eabi/8.2.1/../../../../arm-none-eabi/lib/thumb/v6-m/nofp/libc_nano.a(lib_a-nano-vfprintf_i.o)
                0x00000000000208a0                _printf_i
 .text._sbrk_r  0x0000000000020ab4       0x24 /home/yxuan/Documents/ESL_Team_8/software_package/gcc-arm-none-eabi/bin/../lib/gcc/arm-none-eabi/8.2.1/../../../../arm-none-eabi/lib/thumb/v6-m/nofp/libc_nano.a(lib_a-sbrkr.o)
                0x0000000000020ab4                _sbrk_r
 .text.__sread  0x0000000000020ad8       0x28 /home/yxuan/Documents/ESL_Team_8/software_package/gcc-arm-none-eabi/bin/../lib/gcc/arm-none-eabi/8.2.1/../../../../arm-none-eabi/lib/thumb/v6-m/nofp/libc_nano.a(lib_a-stdio.o)
                0x0000000000020ad8                __sread
 .text.__swrite
                0x0000000000020b00       0x38 /home/yxuan/Documents/ESL_Team_8/software_package/gcc-arm-none-eabi/bin/../lib/gcc/arm-none-eabi/8.2.1/../../../../arm-none-eabi/lib/thumb/v6-m/nofp/libc_nano.a(lib_a-stdio.o)
                0x0000000000020b00                __swrite
 .text.__sseek  0x0000000000020b38       0x2c /home/yxuan/Documents/ESL_Team_8/software_package/gcc-arm-none-eabi/bin/../lib/gcc/arm-none-eabi/8.2.1/../../../../arm-none-eabi/lib/thumb/v6-m/nofp/libc_nano.a(lib_a-stdio.o)
                0x0000000000020b38                __sseek
 .text.__sclose
                0x0000000000020b64        0xc /home/yxuan/Documents/ESL_Team_8/software_package/gcc-arm-none-eabi/bin/../lib/gcc/arm-none-eabi/8.2.1/../../../../arm-none-eabi/lib/thumb/v6-m/nofp/libc_nano.a(lib_a-stdio.o)
                0x0000000000020b64                __sclose
 .text.__swbuf_r
                0x0000000000020b70       0xac /home/yxuan/Documents/ESL_Team_8/software_package/gcc-arm-none-eabi/bin/../lib/gcc/arm-none-eabi/8.2.1/../../../../arm-none-eabi/lib/thumb/v6-m/nofp/libc_nano.a(lib_a-wbuf.o)
                0x0000000000020b70                __swbuf_r
 .text._write_r
                0x0000000000020c1c       0x28 /home/yxuan/Documents/ESL_Team_8/software_package/gcc-arm-none-eabi/bin/../lib/gcc/arm-none-eabi/8.2.1/../../../../arm-none-eabi/lib/thumb/v6-m/nofp/libc_nano.a(lib_a-writer.o)
                0x0000000000020c1c                _write_r
 .text.__swsetup_r
                0x0000000000020c44       0xec /home/yxuan/Documents/ESL_Team_8/software_package/gcc-arm-none-eabi/bin/../lib/gcc/arm-none-eabi/8.2.1/../../../../arm-none-eabi/lib/thumb/v6-m/nofp/libc_nano.a(lib_a-wsetup.o)
                0x0000000000020c44                __swsetup_r
 .text._close_r
                0x0000000000020d30       0x24 /home/yxuan/Documents/ESL_Team_8/software_package/gcc-arm-none-eabi/bin/../lib/gcc/arm-none-eabi/8.2.1/../../../../arm-none-eabi/lib/thumb/v6-m/nofp/libc_nano.a(lib_a-closer.o)
                0x0000000000020d30                _close_r
 .text.__sflush_r
                0x0000000000020d54      0x114 /home/yxuan/Documents/ESL_Team_8/software_package/gcc-arm-none-eabi/bin/../lib/gcc/arm-none-eabi/8.2.1/../../../../arm-none-eabi/lib/thumb/v6-m/nofp/libc_nano.a(lib_a-fflush.o)
                0x0000000000020d54                __sflush_r
 .text._fflush_r
                0x0000000000020e68       0x80 /home/yxuan/Documents/ESL_Team_8/software_package/gcc-arm-none-eabi/bin/../lib/gcc/arm-none-eabi/8.2.1/../../../../arm-none-eabi/lib/thumb/v6-m/nofp/libc_nano.a(lib_a-fflush.o)
                0x0000000000020e68                _fflush_r
 .text._lseek_r
                0x0000000000020ee8       0x28 /home/yxuan/Documents/ESL_Team_8/software_package/gcc-arm-none-eabi/bin/../lib/gcc/arm-none-eabi/8.2.1/../../../../arm-none-eabi/lib/thumb/v6-m/nofp/libc_nano.a(lib_a-lseekr.o)
                0x0000000000020ee8                _lseek_r
 .text.__swhatbuf_r
                0x0000000000020f10       0x50 /home/yxuan/Documents/ESL_Team_8/software_package/gcc-arm-none-eabi/bin/../lib/gcc/arm-none-eabi/8.2.1/../../../../arm-none-eabi/lib/thumb/v6-m/nofp/libc_nano.a(lib_a-makebuf.o)
                0x0000000000020f10                __swhatbuf_r
 .text.__smakebuf_r
                0x0000000000020f60       0x88 /home/yxuan/Documents/ESL_Team_8/software_package/gcc-arm-none-eabi/bin/../lib/gcc/arm-none-eabi/8.2.1/../../../../arm-none-eabi/lib/thumb/v6-m/nofp/libc_nano.a(lib_a-makebuf.o)
                0x0000000000020f60                __smakebuf_r
 .text.memchr   0x0000000000020fe8       0x16 /home/yxuan/Documents/ESL_Team_8/software_package/gcc-arm-none-eabi/bin/../lib/gcc/arm-none-eabi/8.2.1/../../../../arm-none-eabi/lib/thumb/v6-m/nofp/libc_nano.a(lib_a-memchr-stub.o)
                0x0000000000020fe8                memchr
 *fill*         0x0000000000020ffe        0x2 
 .text.__malloc_lock
                0x0000000000021000       0x10 /home/yxuan/Documents/ESL_Team_8/software_package/gcc-arm-none-eabi/bin/../lib/gcc/arm-none-eabi/8.2.1/../../../../arm-none-eabi/lib/thumb/v6-m/nofp/libc_nano.a(lib_a-mlock.o)
                0x0000000000021000                __malloc_lock
 .text.__malloc_unlock
                0x0000000000021010       0x10 /home/yxuan/Documents/ESL_Team_8/software_package/gcc-arm-none-eabi/bin/../lib/gcc/arm-none-eabi/8.2.1/../../../../arm-none-eabi/lib/thumb/v6-m/nofp/libc_nano.a(lib_a-mlock.o)
                0x0000000000021010                __malloc_unlock
 .text._free_r  0x0000000000021020       0x94 /home/yxuan/Documents/ESL_Team_8/software_package/gcc-arm-none-eabi/bin/../lib/gcc/arm-none-eabi/8.2.1/../../../../arm-none-eabi/lib/thumb/v6-m/nofp/libc_nano.a(lib_a-nano-freer.o)
                0x0000000000021020                _free_r
 .text._read_r  0x00000000000210b4       0x28 /home/yxuan/Documents/ESL_Team_8/software_package/gcc-arm-none-eabi/bin/../lib/gcc/arm-none-eabi/8.2.1/../../../../arm-none-eabi/lib/thumb/v6-m/nofp/libc_nano.a(lib_a-readr.o)
                0x00000000000210b4                _read_r
 .text._fstat_r
                0x00000000000210dc       0x24 /home/yxuan/Documents/ESL_Team_8/software_package/gcc-arm-none-eabi/bin/../lib/gcc/arm-none-eabi/8.2.1/../../../../arm-none-eabi/lib/thumb/v6-m/nofp/libc_nano.a(lib_a-fstatr.o)
                0x00000000000210dc                _fstat_r
 .text._isatty_r
                0x0000000000021100       0x24 /home/yxuan/Documents/ESL_Team_8/software_package/gcc-arm-none-eabi/bin/../lib/gcc/arm-none-eabi/8.2.1/../../../../arm-none-eabi/lib/thumb/v6-m/nofp/libc_nano.a(lib_a-isattyr.o)
                0x0000000000021100                _isatty_r
 .text._close   0x0000000000021124       0x10 /home/yxuan/Documents/ESL_Team_8/software_package/gcc-arm-none-eabi/bin/../lib/gcc/arm-none-eabi/8.2.1/../../../../arm-none-eabi/lib/thumb/v6-m/nofp/libnosys.a(close.o)
                0x0000000000021124                _close
 .text._fstat   0x0000000000021134       0x10 /home/yxuan/Documents/ESL_Team_8/software_package/gcc-arm-none-eabi/bin/../lib/gcc/arm-none-eabi/8.2.1/../../../../arm-none-eabi/lib/thumb/v6-m/nofp/libnosys.a(fstat.o)
                0x0000000000021134                _fstat
 .text._isatty  0x0000000000021144       0x10 /home/yxuan/Documents/ESL_Team_8/software_package/gcc-arm-none-eabi/bin/../lib/gcc/arm-none-eabi/8.2.1/../../../../arm-none-eabi/lib/thumb/v6-m/nofp/libnosys.a(isatty.o)
                0x0000000000021144                _isatty
 .text._lseek   0x0000000000021154       0x10 /home/yxuan/Documents/ESL_Team_8/software_package/gcc-arm-none-eabi/bin/../lib/gcc/arm-none-eabi/8.2.1/../../../../arm-none-eabi/lib/thumb/v6-m/nofp/libnosys.a(lseek.o)
                0x0000000000021154                _lseek
 .text._read    0x0000000000021164       0x10 /home/yxuan/Documents/ESL_Team_8/software_package/gcc-arm-none-eabi/bin/../lib/gcc/arm-none-eabi/8.2.1/../../../../arm-none-eabi/lib/thumb/v6-m/nofp/libnosys.a(read.o)
                0x0000000000021164                _read
 .text._sbrk    0x0000000000021174       0x1c /home/yxuan/Documents/ESL_Team_8/software_package/gcc-arm-none-eabi/bin/../lib/gcc/arm-none-eabi/8.2.1/../../../../arm-none-eabi/lib/thumb/v6-m/nofp/libnosys.a(sbrk.o)
                0x0000000000021174                _sbrk
 *(.init)
 .init          0x0000000000021190        0x4 /home/yxuan/Documents/ESL_Team_8/software_package/gcc-arm-none-eabi/bin/../lib/gcc/arm-none-eabi/8.2.1/thumb/v6-m/nofp/crti.o
                0x0000000000021190                _init
 .init          0x0000000000021194        0x8 /home/yxuan/Documents/ESL_Team_8/software_package/gcc-arm-none-eabi/bin/../lib/gcc/arm-none-eabi/8.2.1/thumb/v6-m/nofp/crtn.o
 *(.fini)
 .fini          0x000000000002119c        0x4 /home/yxuan/Documents/ESL_Team_8/software_package/gcc-arm-none-eabi/bin/../lib/gcc/arm-none-eabi/8.2.1/thumb/v6-m/nofp/crti.o
                0x000000000002119c                _fini
 .fini          0x00000000000211a0        0x8 /home/yxuan/Documents/ESL_Team_8/software_package/gcc-arm-none-eabi/bin/../lib/gcc/arm-none-eabi/8.2.1/thumb/v6-m/nofp/crtn.o
 *crtbegin.o(.ctors)
 *crtbegin?.o(.ctors)
 *(EXCLUDE_FILE(*crtend.o *crtend?.o) .ctors)
 *(SORT_BY_NAME(.ctors.*))
 *(.ctors)
 *crtbegin.o(.dtors)
 *crtbegin?.o(.dtors)
 *(EXCLUDE_FILE(*crtend.o *crtend?.o) .dtors)
 *(SORT_BY_NAME(.dtors.*))
 *(.dtors)
 *(.rodata*)
 .rodata._global_impure_ptr
                0x00000000000211a8        0x4 /home/yxuan/Documents/ESL_Team_8/software_package/gcc-arm-none-eabi/bin/../lib/gcc/arm-none-eabi/8.2.1/../../../../arm-none-eabi/lib/thumb/v6-m/nofp/libc_nano.a(lib_a-impure.o)
                0x00000000000211a8                _global_impure_ptr
 .rodata.main.str1.4
                0x00000000000211ac        0xe _build/in4073.o
 *fill*         0x00000000000211ba        0x2 
 .rodata.quadrupel_timer.7313
                0x00000000000211bc        0x4 _build/timers.o
 .rodata.UART0_IRQHandler.str1.4
                0x00000000000211c0       0x11 _build/uart.o
 *fill*         0x00000000000211d1        0x3 
 .rodata.SPI0_TWI0_IRQHandler.str1.4
                0x00000000000211d4       0x38 _build/twi.o
 .rodata.hw     0x000000000002120c        0xc _build/inv_mpu.o
                0x000000000002120c                hw
 .rodata.mpu_init.str1.4
                0x0000000000021218       0x96 _build/inv_mpu.o
 *fill*         0x00000000000212ae        0x2 
 .rodata.reg    0x00000000000212b0       0x1e _build/inv_mpu.o
                0x00000000000212b0                reg
 *fill*         0x00000000000212ce        0x2 
 .rodata.test   0x00000000000212d0       0x28 _build/inv_mpu.o
                0x00000000000212d0                test
 .rodata        0x00000000000212f8       0x3b _build/inv_mpu_dmp_motion_driver.o
 *fill*         0x0000000000021333        0x1 
 .rodata.dmp_memory
                0x0000000000021334      0xbf6 _build/inv_mpu_dmp_motion_driver.o
 *fill*         0x0000000000021f2a        0x2 
 .rodata.get_dmp_data.str1.4
                0x0000000000021f2c       0x1f _build/mpu_wrapper.o
 *fill*         0x0000000000021f4b        0x1 
 .rodata.get_raw_sensor_data.str1.4
                0x0000000000021f4c       0x23 _build/mpu_wrapper.o
 *fill*         0x0000000000021f6f        0x1 
 .rodata.imu_init.str1.4
                0x0000000000021f70      0x106 _build/mpu_wrapper.o
 *fill*         0x0000000000022076        0x2 
 .rodata.app_error_handler.str1.4
                0x0000000000022078       0x27 _build/app_error.o
 *fill*         0x000000000002209f        0x1 
 .rodata.pckType_check
                0x00000000000220a0       0xa4 _build/drone_to_pc.o
 .rodata.switch_mode
                0x0000000000022144       0x20 _build/m_control.o
 .rodata.asin.str1.4
                0x0000000000022164        0x5 /home/yxuan/Documents/ESL_Team_8/software_package/gcc-arm-none-eabi/bin/../lib/gcc/arm-none-eabi/8.2.1/../../../../arm-none-eabi/lib/thumb/v6-m/nofp/libm.a(lib_a-w_asin.o)
                                          0x9 (size before relaxing)
 *fill*         0x0000000000022169        0x3 
 .rodata.sqrt.str1.4
                0x000000000002216c        0x8 /home/yxuan/Documents/ESL_Team_8/software_package/gcc-arm-none-eabi/bin/../lib/gcc/arm-none-eabi/8.2.1/../../../../arm-none-eabi/lib/thumb/v6-m/nofp/libm.a(lib_a-w_sqrt.o)
                                          0x5 (size before relaxing)
 *fill*         0x0000000000022174        0x4 
 .rodata.atanhi
                0x0000000000022178       0x20 /home/yxuan/Documents/ESL_Team_8/software_package/gcc-arm-none-eabi/bin/../lib/gcc/arm-none-eabi/8.2.1/../../../../arm-none-eabi/lib/thumb/v6-m/nofp/libm.a(lib_a-s_atan.o)
 .rodata.atanlo
                0x0000000000022198       0x20 /home/yxuan/Documents/ESL_Team_8/software_package/gcc-arm-none-eabi/bin/../lib/gcc/arm-none-eabi/8.2.1/../../../../arm-none-eabi/lib/thumb/v6-m/nofp/libm.a(lib_a-s_atan.o)
 .rodata        0x00000000000221b8       0xac /home/yxuan/Documents/ESL_Team_8/software_package/gcc-arm-none-eabi/bin/../lib/gcc/arm-none-eabi/8.2.1/thumb/v6-m/nofp/libgcc.a(divsf3.o)
 .rodata        0x0000000000022264       0x40 /home/yxuan/Documents/ESL_Team_8/software_package/gcc-arm-none-eabi/bin/../lib/gcc/arm-none-eabi/8.2.1/thumb/v6-m/nofp/libgcc.a(mulsf3.o)
 .rodata        0x00000000000222a4       0x40 /home/yxuan/Documents/ESL_Team_8/software_package/gcc-arm-none-eabi/bin/../lib/gcc/arm-none-eabi/8.2.1/thumb/v6-m/nofp/libgcc.a(divdf3.o)
 .rodata        0x00000000000222e4       0x40 /home/yxuan/Documents/ESL_Team_8/software_package/gcc-arm-none-eabi/bin/../lib/gcc/arm-none-eabi/8.2.1/thumb/v6-m/nofp/libgcc.a(muldf3.o)
 .rodata.__sf_fake_stderr
                0x0000000000022324       0x20 /home/yxuan/Documents/ESL_Team_8/software_package/gcc-arm-none-eabi/bin/../lib/gcc/arm-none-eabi/8.2.1/../../../../arm-none-eabi/lib/thumb/v6-m/nofp/libc_nano.a(lib_a-findfp.o)
                0x0000000000022324                __sf_fake_stderr
 .rodata.__sf_fake_stdin
                0x0000000000022344       0x20 /home/yxuan/Documents/ESL_Team_8/software_package/gcc-arm-none-eabi/bin/../lib/gcc/arm-none-eabi/8.2.1/../../../../arm-none-eabi/lib/thumb/v6-m/nofp/libc_nano.a(lib_a-findfp.o)
                0x0000000000022344                __sf_fake_stdin
 .rodata.__sf_fake_stdout
                0x0000000000022364       0x20 /home/yxuan/Documents/ESL_Team_8/software_package/gcc-arm-none-eabi/bin/../lib/gcc/arm-none-eabi/8.2.1/../../../../arm-none-eabi/lib/thumb/v6-m/nofp/libc_nano.a(lib_a-findfp.o)
                0x0000000000022364                __sf_fake_stdout
 .rodata._vfprintf_r.str1.1
                0x0000000000022384       0x11 /home/yxuan/Documents/ESL_Team_8/software_package/gcc-arm-none-eabi/bin/../lib/gcc/arm-none-eabi/8.2.1/../../../../arm-none-eabi/lib/thumb/v6-m/nofp/libc_nano.a(lib_a-nano-vfprintf.o)
 .rodata._printf_i.str1.1
                0x0000000000022395       0x22 /home/yxuan/Documents/ESL_Team_8/software_package/gcc-arm-none-eabi/bin/../lib/gcc/arm-none-eabi/8.2.1/../../../../arm-none-eabi/lib/thumb/v6-m/nofp/libc_nano.a(lib_a-nano-vfprintf_i.o)
 *(.eh_frame*)
 *fill*         0x00000000000223b7        0x1 
 .eh_frame      0x00000000000223b8        0x0 /home/yxuan/Documents/ESL_Team_8/software_package/gcc-arm-none-eabi/bin/../lib/gcc/arm-none-eabi/8.2.1/thumb/v6-m/nofp/crtbegin.o
                0x00000000000223b8                . = ALIGN (0x4)

.glue_7         0x00000000000223b8        0x0
 .glue_7        0x00000000000223b8        0x0 linker stubs

.glue_7t        0x00000000000223b8        0x0
 .glue_7t       0x00000000000223b8        0x0 linker stubs

.vfp11_veneer   0x00000000000223b8        0x0
 .vfp11_veneer  0x00000000000223b8        0x0 linker stubs

.v4_bx          0x00000000000223b8        0x0
 .v4_bx         0x00000000000223b8        0x0 linker stubs

.iplt           0x00000000000223b8        0x0
 .iplt          0x00000000000223b8        0x0 /home/yxuan/Documents/ESL_Team_8/software_package/gcc-arm-none-eabi/bin/../lib/gcc/arm-none-eabi/8.2.1/thumb/v6-m/nofp/crtbegin.o

.ARM.extab      0x00000000000223b8        0x0
 *(.ARM.extab* .gnu.linkonce.armextab.*)
                0x00000000000223b8                . = ALIGN (0x4)
                0x00000000000223b8                __exidx_start = .

.ARM.exidx      0x00000000000223b8        0x8
 *(.ARM.exidx* .gnu.linkonce.armexidx.*)
 .ARM.exidx     0x00000000000223b8        0x8 /home/yxuan/Documents/ESL_Team_8/software_package/gcc-arm-none-eabi/bin/../lib/gcc/arm-none-eabi/8.2.1/../../../../arm-none-eabi/lib/thumb/v6-m/nofp/crt0.o
 .ARM.exidx     0x00000000000223c0        0x0 _build/gcc_startup_nrf51.o
                                          0x8 (size before relaxing)
                0x00000000000223c0                . = ALIGN (0x4)
                0x00000000000223c0                __exidx_end = .
                0x00000000000223c0                __etext = .

.rel.dyn        0x00000000000223c0        0x0
 .rel.iplt      0x00000000000223c0        0x0 /home/yxuan/Documents/ESL_Team_8/software_package/gcc-arm-none-eabi/bin/../lib/gcc/arm-none-eabi/8.2.1/thumb/v6-m/nofp/crtbegin.o

.data           0x0000000020002000       0xa8 load address 0x00000000000223c0
                0x0000000020002000                __data_start__ = .
 *(vtable)
 *(.data*)
 .data._impure_ptr
                0x0000000020002000        0x4 /home/yxuan/Documents/ESL_Team_8/software_package/gcc-arm-none-eabi/bin/../lib/gcc/arm-none-eabi/8.2.1/../../../../arm-none-eabi/lib/thumb/v6-m/nofp/libc_nano.a(lib_a-impure.o)
                0x0000000020002000                _impure_ptr
 .data.impure_data
                0x0000000020002004       0x60 /home/yxuan/Documents/ESL_Team_8/software_package/gcc-arm-none-eabi/bin/../lib/gcc/arm-none-eabi/8.2.1/../../../../arm-none-eabi/lib/thumb/v6-m/nofp/libc_nano.a(lib_a-impure.o)
 .data.txd_available
                0x0000000020002064        0x1 _build/uart.o
                0x0000000020002064                txd_available
 *fill*         0x0000000020002065        0x3 
 .data.st       0x0000000020002068       0x2c _build/inv_mpu.o
 .data.gyro_orientation.7233
                0x0000000020002094        0x9 _build/mpu_wrapper.o
 .data.__fdlib_version
                0x000000002000209d        0x1 /home/yxuan/Documents/ESL_Team_8/software_package/gcc-arm-none-eabi/bin/../lib/gcc/arm-none-eabi/8.2.1/../../../../arm-none-eabi/lib/thumb/v6-m/nofp/libm.a(lib_a-s_lib_ver.o)
                0x000000002000209d                __fdlib_version
                0x00000000200020a0                . = ALIGN (0x4)
 *fill*         0x000000002000209e        0x2 
                0x00000000200020a0                PROVIDE (__preinit_array_start = .)
 *(.preinit_array)
                0x00000000200020a0                PROVIDE (__preinit_array_end = .)
                0x00000000200020a0                . = ALIGN (0x4)
                0x00000000200020a0                PROVIDE (__init_array_start = .)
 *(SORT_BY_NAME(.init_array.*))
 *(.init_array)
 .init_array    0x00000000200020a0        0x4 /home/yxuan/Documents/ESL_Team_8/software_package/gcc-arm-none-eabi/bin/../lib/gcc/arm-none-eabi/8.2.1/thumb/v6-m/nofp/crtbegin.o
                0x00000000200020a4                PROVIDE (__init_array_end = .)
                0x00000000200020a4                . = ALIGN (0x4)
                [!provide]                        PROVIDE (__fini_array_start = .)
 *(SORT_BY_NAME(.fini_array.*))
 *(.fini_array)
 .fini_array    0x00000000200020a4        0x4 /home/yxuan/Documents/ESL_Team_8/software_package/gcc-arm-none-eabi/bin/../lib/gcc/arm-none-eabi/8.2.1/thumb/v6-m/nofp/crtbegin.o
                [!provide]                        PROVIDE (__fini_array_end = .)
 *(.jcr)
                0x00000000200020a8                . = ALIGN (0x4)
                0x00000000200020a8                __data_end__ = .

.igot.plt       0x00000000200020a8        0x0 load address 0x0000000000022468
 .igot.plt      0x00000000200020a8        0x0 /home/yxuan/Documents/ESL_Team_8/software_package/gcc-arm-none-eabi/bin/../lib/gcc/arm-none-eabi/8.2.1/thumb/v6-m/nofp/crtbegin.o

.bss            0x00000000200020a8      0x800 load address 0x0000000000022468
                0x00000000200020a8                . = ALIGN (0x4)
                0x00000000200020a8                __bss_start__ = .
 *(.bss*)
 .bss           0x00000000200020a8       0x1c /home/yxuan/Documents/ESL_Team_8/software_package/gcc-arm-none-eabi/bin/../lib/gcc/arm-none-eabi/8.2.1/thumb/v6-m/nofp/crtbegin.o
 .bss.APP_TIMER_BUF.7309
                0x00000000200020c4      0x1c8 _build/timers.o
 .bss.quadrupel_timer_data.7312
                0x000000002000228c       0x20 _build/timers.o
 .bss.read      0x00000000200022ac        0x1 _build/twi.o
 .bss.sent      0x00000000200022ad        0x1 _build/twi.o
 *fill*         0x00000000200022ae        0x2 
 .bss.data      0x00000000200022b0        0x3 _build/baro.o
 *fill*         0x00000000200022b3        0x1 
 .bss.data.7226
                0x00000000200022b4        0x2 _build/baro.o
 *fill*         0x00000000200022b6        0x2 
 .bss.initTime  0x00000000200022b8        0x4 _build/baro.o
                0x00000000200022b8                initTime
 .bss.loop_count
                0x00000000200022bc        0x1 _build/baro.o
 *fill*         0x00000000200022bd        0x3 
 .bss.prom      0x00000000200022c0       0x10 _build/baro.o
 .bss.SPI       0x00000000200022d0        0x4 _build/spi_flash.o
 .bss.spi_config_table
                0x00000000200022d4        0xc _build/spi_flash.o
 .bss.dmp       0x00000000200022e0       0x10 _build/inv_mpu_dmp_motion_driver.o
 .bss.m_evt_schedule_func
                0x00000000200022f0        0x4 _build/app_timer.o
 .bss.m_rtc1_reset
                0x00000000200022f4        0x1 _build/app_timer.o
 .bss.m_rtc1_running
                0x00000000200022f5        0x1 _build/app_timer.o
 *fill*         0x00000000200022f6        0x2 
 .bss.m_ticks_elapsed
                0x00000000200022f8        0x8 _build/app_timer.o
 .bss.m_ticks_elapsed_q_read_ind
                0x0000000020002300        0x1 _build/app_timer.o
 .bss.m_ticks_elapsed_q_write_ind
                0x0000000020002301        0x1 _build/app_timer.o
 *fill*         0x0000000020002302        0x2 
 .bss.m_ticks_latest
                0x0000000020002304        0x4 _build/app_timer.o
 .bss.m_user_array_size
                0x0000000020002308        0x1 _build/app_timer.o
 *fill*         0x0000000020002309        0x3 
 .bss.mp_timer_id_head
                0x000000002000230c        0x4 _build/app_timer.o
 .bss.mp_users  0x0000000020002310        0x4 _build/app_timer.o
 .bss.m_ble_evt_buffer_size
                0x0000000020002314        0x2 _build/softdevice_handler.o
 *fill*         0x0000000020002316        0x2 
 .bss.m_ble_evt_handler
                0x0000000020002318        0x4 _build/softdevice_handler.o
 .bss.m_evt_schedule_func
                0x000000002000231c        0x4 _build/softdevice_handler.o
 .bss.m_softdevice_enabled
                0x0000000020002320        0x1 _build/softdevice_handler.o
 *fill*         0x0000000020002321        0x3 
 .bss.m_sys_evt_handler
                0x0000000020002324        0x4 _build/softdevice_handler.o
 .bss.mp_ble_evt_buffer
                0x0000000020002328        0x4 _build/softdevice_handler.o
 .bss.bq        0x000000002000232c        0x4 _build/filter.o
 .bss.ephi      0x0000000020002330        0x4 _build/filter.o
 .bss.pb        0x0000000020002334        0x4 _build/filter.o
 .bss.temp_estimated_phi
                0x0000000020002338        0x4 _build/filter.o
 .bss.temp_estimated_theta
                0x000000002000233c        0x4 _build/filter.o
 .bss.x         0x0000000020002340        0x8 _build/filter.o
 .bss.y         0x0000000020002348        0x8 _build/filter.o
 .bss.__malloc_free_list
                0x0000000020002350        0x4 /home/yxuan/Documents/ESL_Team_8/software_package/gcc-arm-none-eabi/bin/../lib/gcc/arm-none-eabi/8.2.1/../../../../arm-none-eabi/lib/thumb/v6-m/nofp/libc_nano.a(lib_a-nano-mallocr.o)
                0x0000000020002350                __malloc_free_list
 .bss.__malloc_sbrk_start
                0x0000000020002354        0x4 /home/yxuan/Documents/ESL_Team_8/software_package/gcc-arm-none-eabi/bin/../lib/gcc/arm-none-eabi/8.2.1/../../../../arm-none-eabi/lib/thumb/v6-m/nofp/libc_nano.a(lib_a-nano-mallocr.o)
                0x0000000020002354                __malloc_sbrk_start
 .bss.heap_end.4194
                0x0000000020002358        0x4 /home/yxuan/Documents/ESL_Team_8/software_package/gcc-arm-none-eabi/bin/../lib/gcc/arm-none-eabi/8.2.1/../../../../arm-none-eabi/lib/thumb/v6-m/nofp/libnosys.a(sbrk.o)
 *(COMMON)
 COMMON         0x000000002000235c      0x52c _build/in4073.o
                0x000000002000235c                cali_theta
                0x0000000020002360                say
                0x0000000020002364                err_lift
                0x0000000020002368                phi_est
                0x000000002000236a                psi
                0x000000002000236c                sensor_fifo_count
                0x0000000020002370                mode_function
                0x0000000020002374                mode_change_acknowledged
                0x0000000020002375                timestamp
                0x0000000020002378                err_roll
                0x000000002000237c                cali_r
                0x0000000020002380                q_est
                0x0000000020002384                kp_yaw
                0x0000000020002388                saz
                0x000000002000238a                pre_mode
                0x000000002000238c                roll_error
                0x0000000020002390                rx_queue
                0x0000000020002498                batFlag
                0x000000002000249c                phi
                0x00000000200024a0                temperature
                0x00000000200024a4                r_butter
                0x00000000200024a8                cali_phi
                0x00000000200024ac                theta
                0x00000000200024b0                pressure
                0x00000000200024b4                kp2_roll
                0x00000000200024b8                prevAckMode
                0x00000000200024ba                p_est
                0x00000000200024bc                mode
                0x00000000200024c0                cali_q
                0x00000000200024c4                lost_connectFlag
                0x00000000200024c8                p_Flag
                0x00000000200024cc                tx_queue
                0x00000000200025d2                sax
                0x00000000200025d4                lift
                0x00000000200025d8                kp1_pitch
                0x00000000200025dc                sq
                0x00000000200025e0                panic
                0x00000000200025e4                kp1_roll
                0x00000000200025e8                kp2
                0x00000000200025ec                drone_pc
                0x00000000200025f8                yaw_error
                0x00000000200025fc                kp1
                0x0000000020002600                bat_volt
                0x0000000020002604                ble_rx_queue
                0x000000002000270c                pc_drone
                0x0000000020002714                sp
                0x0000000020002718                pitch_error
                0x000000002000271c                prevAcknowledgeMode
                0x0000000020002720                rawFlag
                0x0000000020002724                err_pitch
                0x0000000020002728                radio_active
                0x000000002000272c                motor
                0x0000000020002734                yaw
                0x0000000020002738                last_correct_checksum_time
                0x000000002000273c                err_yaw
                0x0000000020002740                pitch
                0x0000000020002744                mode_packet_change
                0x0000000020002748                roll
                0x000000002000274c                cali_p
                0x0000000020002750                type_pck
                0x0000000020002754                ble_tx_queue
                0x000000002000285c                brokenPck
                0x0000000020002864                ae
                0x000000002000286c                kp2_pitch
                0x0000000020002870                kp
                0x0000000020002874                sr
                0x0000000020002878                lift_error
                0x000000002000287c                pckType
                0x000000002000287e                theta_est
                0x0000000020002880                demo_done
                0x0000000020002884                cali_pressure
 COMMON         0x0000000020002888        0x5 _build/timers.o
                0x0000000020002888                global_time
                0x000000002000288c                timer_flag
 *fill*         0x000000002000288d        0x3 
 COMMON         0x0000000020002890        0x8 _build/baro.o
                0x0000000020002890                D2
                0x0000000020002894                D1
 COMMON         0x0000000020002898        0x9 /home/yxuan/Documents/ESL_Team_8/software_package/gcc-arm-none-eabi/bin/../lib/gcc/arm-none-eabi/8.2.1/../../../../arm-none-eabi/lib/thumb/v6-m/nofp/libc_nano.a(lib_a-lock.o)
                0x0000000020002898                __lock___atexit_recursive_mutex
                0x0000000020002899                __lock___arc4random_mutex
                0x000000002000289a                __lock___env_recursive_mutex
                0x000000002000289b                __lock___sinit_recursive_mutex
                0x000000002000289c                __lock___malloc_recursive_mutex
                0x000000002000289d                __lock___at_quick_exit_mutex
                0x000000002000289e                __lock___dd_hash_mutex
                0x000000002000289f                __lock___tz_mutex
                0x00000000200028a0                __lock___sfp_recursive_mutex
 *fill*         0x00000000200028a1        0x3 
 COMMON         0x00000000200028a4        0x4 /home/yxuan/Documents/ESL_Team_8/software_package/gcc-arm-none-eabi/bin/../lib/gcc/arm-none-eabi/8.2.1/../../../../arm-none-eabi/lib/thumb/v6-m/nofp/libc_nano.a(lib_a-reent.o)
                0x00000000200028a4                errno
                0x00000000200028a8                . = ALIGN (0x4)
                0x00000000200028a8                __bss_end__ = .

.heap           0x00000000200028a8      0x800
                0x00000000200028a8                __end__ = .
                0x00000000200028a8                end = __end__
 *(.heap*)
 .heap          0x00000000200028a8      0x800 _build/gcc_startup_nrf51.o
                0x00000000200028a8                __HeapBase
                0x00000000200030a8                __HeapLimit = .

.stack_dummy    0x00000000200028a8      0x800
 *(.stack*)
 .stack         0x00000000200028a8      0x800 _build/gcc_startup_nrf51.o
                0x0000000020004000                __StackTop = (ORIGIN (RAM) + LENGTH (RAM))
                0x0000000020003800                __StackLimit = (__StackTop - SIZEOF (.stack_dummy))
                0x0000000020004000                PROVIDE (__stack = __StackTop)
                0x0000000000000001                ASSERT ((__StackLimit >= __HeapLimit), region RAM overflowed with stack)
OUTPUT(_build/in4073.out elf32-littlearm)

.ARM.attributes
                0x0000000000000000       0x28
 .ARM.attributes
                0x0000000000000000       0x1e /home/yxuan/Documents/ESL_Team_8/software_package/gcc-arm-none-eabi/bin/../lib/gcc/arm-none-eabi/8.2.1/thumb/v6-m/nofp/crti.o
 .ARM.attributes
                0x000000000000001e       0x2c /home/yxuan/Documents/ESL_Team_8/software_package/gcc-arm-none-eabi/bin/../lib/gcc/arm-none-eabi/8.2.1/thumb/v6-m/nofp/crtbegin.o
 .ARM.attributes
                0x000000000000004a       0x1b /home/yxuan/Documents/ESL_Team_8/software_package/gcc-arm-none-eabi/bin/../lib/gcc/arm-none-eabi/8.2.1/../../../../arm-none-eabi/lib/thumb/v6-m/nofp/crt0.o
 .ARM.attributes
                0x0000000000000065       0x2c /home/yxuan/Documents/ESL_Team_8/software_package/gcc-arm-none-eabi/bin/../lib/gcc/arm-none-eabi/8.2.1/../../../../arm-none-eabi/lib/thumb/v6-m/nofp/libc_nano.a(lib_a-exit.o)
 .ARM.attributes
                0x0000000000000091       0x2c /home/yxuan/Documents/ESL_Team_8/software_package/gcc-arm-none-eabi/bin/../lib/gcc/arm-none-eabi/8.2.1/../../../../arm-none-eabi/lib/thumb/v6-m/nofp/libc_nano.a(lib_a-impure.o)
 .ARM.attributes
                0x00000000000000bd       0x2c /home/yxuan/Documents/ESL_Team_8/software_package/gcc-arm-none-eabi/bin/../lib/gcc/arm-none-eabi/8.2.1/../../../../arm-none-eabi/lib/thumb/v6-m/nofp/libc_nano.a(lib_a-init.o)
 .ARM.attributes
                0x00000000000000e9       0x2c /home/yxuan/Documents/ESL_Team_8/software_package/gcc-arm-none-eabi/bin/../lib/gcc/arm-none-eabi/8.2.1/../../../../arm-none-eabi/lib/thumb/v6-m/nofp/libc_nano.a(lib_a-memset.o)
 .ARM.attributes
                0x0000000000000115       0x2c /home/yxuan/Documents/ESL_Team_8/software_package/gcc-arm-none-eabi/bin/../lib/gcc/arm-none-eabi/8.2.1/../../../../arm-none-eabi/lib/thumb/v6-m/nofp/libnosys.a(_exit.o)
 .ARM.attributes
                0x0000000000000141       0x2c _build/system_nrf51.o
 .ARM.attributes
                0x000000000000016d       0x2c _build/nrf_delay.o
 .ARM.attributes
                0x0000000000000199       0x2c _build/in4073.o
 .ARM.attributes
                0x00000000000001c5       0x2c _build/control.o
 .ARM.attributes
                0x00000000000001f1       0x2c _build/gpio.o
 .ARM.attributes
                0x000000000000021d       0x2c _build/timers.o
 .ARM.attributes
                0x0000000000000249       0x2c _build/uart.o
 .ARM.attributes
                0x0000000000000275       0x2c _build/queue.o
 .ARM.attributes
                0x00000000000002a1       0x2c _build/twi.o
 .ARM.attributes
                0x00000000000002cd       0x2c _build/adc.o
 .ARM.attributes
                0x00000000000002f9       0x2c _build/baro.o
 .ARM.attributes
                0x0000000000000325       0x2c _build/ble.o
 .ARM.attributes
                0x0000000000000351       0x2c _build/spi_flash.o
 .ARM.attributes
                0x000000000000037d       0x2c _build/inv_mpu.o
 .ARM.attributes
                0x00000000000003a9       0x2c _build/inv_mpu_dmp_motion_driver.o
 .ARM.attributes
                0x00000000000003d5       0x2c _build/ml.o
 .ARM.attributes
                0x0000000000000401       0x2c _build/mpu_wrapper.o
 .ARM.attributes
                0x000000000000042d       0x2c _build/app_error.o
 .ARM.attributes
                0x0000000000000459       0x2c _build/app_timer.o
 .ARM.attributes
                0x0000000000000485       0x2c _build/softdevice_handler.o
 .ARM.attributes
                0x00000000000004b1       0x2c _build/filter.o
 .ARM.attributes
                0x00000000000004dd       0x2c _build/drone_to_pc.o
 .ARM.attributes
                0x0000000000000509       0x2c _build/m_control.o
 .ARM.attributes
                0x0000000000000535       0x1b _build/gcc_startup_nrf51.o
 .ARM.attributes
                0x0000000000000550       0x2c /home/yxuan/Documents/ESL_Team_8/software_package/gcc-arm-none-eabi/bin/../lib/gcc/arm-none-eabi/8.2.1/../../../../arm-none-eabi/lib/thumb/v6-m/nofp/libm.a(lib_a-s_fabs.o)
 .ARM.attributes
                0x000000000000057c       0x2c /home/yxuan/Documents/ESL_Team_8/software_package/gcc-arm-none-eabi/bin/../lib/gcc/arm-none-eabi/8.2.1/../../../../arm-none-eabi/lib/thumb/v6-m/nofp/libm.a(lib_a-s_round.o)
 .ARM.attributes
                0x00000000000005a8       0x2c /home/yxuan/Documents/ESL_Team_8/software_package/gcc-arm-none-eabi/bin/../lib/gcc/arm-none-eabi/8.2.1/../../../../arm-none-eabi/lib/thumb/v6-m/nofp/libm.a(lib_a-w_asin.o)
 .ARM.attributes
                0x00000000000005d4       0x2c /home/yxuan/Documents/ESL_Team_8/software_package/gcc-arm-none-eabi/bin/../lib/gcc/arm-none-eabi/8.2.1/../../../../arm-none-eabi/lib/thumb/v6-m/nofp/libm.a(lib_a-w_atan2.o)
 .ARM.attributes
                0x0000000000000600       0x2c /home/yxuan/Documents/ESL_Team_8/software_package/gcc-arm-none-eabi/bin/../lib/gcc/arm-none-eabi/8.2.1/../../../../arm-none-eabi/lib/thumb/v6-m/nofp/libm.a(lib_a-w_sqrt.o)
 .ARM.attributes
                0x000000000000062c       0x2c /home/yxuan/Documents/ESL_Team_8/software_package/gcc-arm-none-eabi/bin/../lib/gcc/arm-none-eabi/8.2.1/../../../../arm-none-eabi/lib/thumb/v6-m/nofp/libm.a(lib_a-e_asin.o)
 .ARM.attributes
                0x0000000000000658       0x2c /home/yxuan/Documents/ESL_Team_8/software_package/gcc-arm-none-eabi/bin/../lib/gcc/arm-none-eabi/8.2.1/../../../../arm-none-eabi/lib/thumb/v6-m/nofp/libm.a(lib_a-e_atan2.o)
 .ARM.attributes
                0x0000000000000684       0x2c /home/yxuan/Documents/ESL_Team_8/software_package/gcc-arm-none-eabi/bin/../lib/gcc/arm-none-eabi/8.2.1/../../../../arm-none-eabi/lib/thumb/v6-m/nofp/libm.a(lib_a-e_sqrt.o)
 .ARM.attributes
                0x00000000000006b0       0x2c /home/yxuan/Documents/ESL_Team_8/software_package/gcc-arm-none-eabi/bin/../lib/gcc/arm-none-eabi/8.2.1/../../../../arm-none-eabi/lib/thumb/v6-m/nofp/libm.a(lib_a-s_atan.o)
 .ARM.attributes
                0x00000000000006dc       0x2c /home/yxuan/Documents/ESL_Team_8/software_package/gcc-arm-none-eabi/bin/../lib/gcc/arm-none-eabi/8.2.1/../../../../arm-none-eabi/lib/thumb/v6-m/nofp/libm.a(lib_a-s_lib_ver.o)
 .ARM.attributes
                0x0000000000000708       0x2c /home/yxuan/Documents/ESL_Team_8/software_package/gcc-arm-none-eabi/bin/../lib/gcc/arm-none-eabi/8.2.1/../../../../arm-none-eabi/lib/thumb/v6-m/nofp/libm.a(lib_a-s_matherr.o)
 .ARM.attributes
                0x0000000000000734       0x2c /home/yxuan/Documents/ESL_Team_8/software_package/gcc-arm-none-eabi/bin/../lib/gcc/arm-none-eabi/8.2.1/../../../../arm-none-eabi/lib/thumb/v6-m/nofp/libm.a(lib_a-s_nan.o)
 .ARM.attributes
                0x0000000000000760       0x1e /home/yxuan/Documents/ESL_Team_8/software_package/gcc-arm-none-eabi/bin/../lib/gcc/arm-none-eabi/8.2.1/thumb/v6-m/nofp/libgcc.a(_udivsi3.o)
 .ARM.attributes
                0x000000000000077e       0x1e /home/yxuan/Documents/ESL_Team_8/software_package/gcc-arm-none-eabi/bin/../lib/gcc/arm-none-eabi/8.2.1/thumb/v6-m/nofp/libgcc.a(_divsi3.o)
 .ARM.attributes
                0x000000000000079c       0x1e /home/yxuan/Documents/ESL_Team_8/software_package/gcc-arm-none-eabi/bin/../lib/gcc/arm-none-eabi/8.2.1/thumb/v6-m/nofp/libgcc.a(_dvmd_tls.o)
 .ARM.attributes
                0x00000000000007ba       0x1e /home/yxuan/Documents/ESL_Team_8/software_package/gcc-arm-none-eabi/bin/../lib/gcc/arm-none-eabi/8.2.1/thumb/v6-m/nofp/libgcc.a(_arm_cmpdf2.o)
 .ARM.attributes
                0x00000000000007d8       0x1e /home/yxuan/Documents/ESL_Team_8/software_package/gcc-arm-none-eabi/bin/../lib/gcc/arm-none-eabi/8.2.1/thumb/v6-m/nofp/libgcc.a(_arm_cmpsf2.o)
 .ARM.attributes
                0x00000000000007f6       0x2c /home/yxuan/Documents/ESL_Team_8/software_package/gcc-arm-none-eabi/bin/../lib/gcc/arm-none-eabi/8.2.1/thumb/v6-m/nofp/libgcc.a(_muldi3.o)
 .ARM.attributes
                0x0000000000000822       0x2c /home/yxuan/Documents/ESL_Team_8/software_package/gcc-arm-none-eabi/bin/../lib/gcc/arm-none-eabi/8.2.1/thumb/v6-m/nofp/libgcc.a(_fixunssfsi.o)
 .ARM.attributes
                0x000000000000084e       0x2c /home/yxuan/Documents/ESL_Team_8/software_package/gcc-arm-none-eabi/bin/../lib/gcc/arm-none-eabi/8.2.1/thumb/v6-m/nofp/libgcc.a(_fixunsdfsi.o)
 .ARM.attributes
                0x000000000000087a       0x2c /home/yxuan/Documents/ESL_Team_8/software_package/gcc-arm-none-eabi/bin/../lib/gcc/arm-none-eabi/8.2.1/thumb/v6-m/nofp/libgcc.a(addsf3.o)
 .ARM.attributes
                0x00000000000008a6       0x2c /home/yxuan/Documents/ESL_Team_8/software_package/gcc-arm-none-eabi/bin/../lib/gcc/arm-none-eabi/8.2.1/thumb/v6-m/nofp/libgcc.a(divsf3.o)
 .ARM.attributes
                0x00000000000008d2       0x2c /home/yxuan/Documents/ESL_Team_8/software_package/gcc-arm-none-eabi/bin/../lib/gcc/arm-none-eabi/8.2.1/thumb/v6-m/nofp/libgcc.a(eqsf2.o)
 .ARM.attributes
                0x00000000000008fe       0x2c /home/yxuan/Documents/ESL_Team_8/software_package/gcc-arm-none-eabi/bin/../lib/gcc/arm-none-eabi/8.2.1/thumb/v6-m/nofp/libgcc.a(gesf2.o)
 .ARM.attributes
                0x000000000000092a       0x2c /home/yxuan/Documents/ESL_Team_8/software_package/gcc-arm-none-eabi/bin/../lib/gcc/arm-none-eabi/8.2.1/thumb/v6-m/nofp/libgcc.a(lesf2.o)
 .ARM.attributes
                0x0000000000000956       0x2c /home/yxuan/Documents/ESL_Team_8/software_package/gcc-arm-none-eabi/bin/../lib/gcc/arm-none-eabi/8.2.1/thumb/v6-m/nofp/libgcc.a(mulsf3.o)
 .ARM.attributes
                0x0000000000000982       0x2c /home/yxuan/Documents/ESL_Team_8/software_package/gcc-arm-none-eabi/bin/../lib/gcc/arm-none-eabi/8.2.1/thumb/v6-m/nofp/libgcc.a(subsf3.o)
 .ARM.attributes
                0x00000000000009ae       0x2c /home/yxuan/Documents/ESL_Team_8/software_package/gcc-arm-none-eabi/bin/../lib/gcc/arm-none-eabi/8.2.1/thumb/v6-m/nofp/libgcc.a(fixsfsi.o)
 .ARM.attributes
                0x00000000000009da       0x2c /home/yxuan/Documents/ESL_Team_8/software_package/gcc-arm-none-eabi/bin/../lib/gcc/arm-none-eabi/8.2.1/thumb/v6-m/nofp/libgcc.a(floatsisf.o)
 .ARM.attributes
                0x0000000000000a06       0x2c /home/yxuan/Documents/ESL_Team_8/software_package/gcc-arm-none-eabi/bin/../lib/gcc/arm-none-eabi/8.2.1/thumb/v6-m/nofp/libgcc.a(floatunsisf.o)
 .ARM.attributes
                0x0000000000000a32       0x2c /home/yxuan/Documents/ESL_Team_8/software_package/gcc-arm-none-eabi/bin/../lib/gcc/arm-none-eabi/8.2.1/thumb/v6-m/nofp/libgcc.a(adddf3.o)
 .ARM.attributes
                0x0000000000000a5e       0x2c /home/yxuan/Documents/ESL_Team_8/software_package/gcc-arm-none-eabi/bin/../lib/gcc/arm-none-eabi/8.2.1/thumb/v6-m/nofp/libgcc.a(divdf3.o)
 .ARM.attributes
                0x0000000000000a8a       0x2c /home/yxuan/Documents/ESL_Team_8/software_package/gcc-arm-none-eabi/bin/../lib/gcc/arm-none-eabi/8.2.1/thumb/v6-m/nofp/libgcc.a(eqdf2.o)
 .ARM.attributes
                0x0000000000000ab6       0x2c /home/yxuan/Documents/ESL_Team_8/software_package/gcc-arm-none-eabi/bin/../lib/gcc/arm-none-eabi/8.2.1/thumb/v6-m/nofp/libgcc.a(gedf2.o)
 .ARM.attributes
                0x0000000000000ae2       0x2c /home/yxuan/Documents/ESL_Team_8/software_package/gcc-arm-none-eabi/bin/../lib/gcc/arm-none-eabi/8.2.1/thumb/v6-m/nofp/libgcc.a(ledf2.o)
 .ARM.attributes
                0x0000000000000b0e       0x2c /home/yxuan/Documents/ESL_Team_8/software_package/gcc-arm-none-eabi/bin/../lib/gcc/arm-none-eabi/8.2.1/thumb/v6-m/nofp/libgcc.a(muldf3.o)
 .ARM.attributes
                0x0000000000000b3a       0x2c /home/yxuan/Documents/ESL_Team_8/software_package/gcc-arm-none-eabi/bin/../lib/gcc/arm-none-eabi/8.2.1/thumb/v6-m/nofp/libgcc.a(subdf3.o)
 .ARM.attributes
                0x0000000000000b66       0x2c /home/yxuan/Documents/ESL_Team_8/software_package/gcc-arm-none-eabi/bin/../lib/gcc/arm-none-eabi/8.2.1/thumb/v6-m/nofp/libgcc.a(unorddf2.o)
 .ARM.attributes
                0x0000000000000b92       0x2c /home/yxuan/Documents/ESL_Team_8/software_package/gcc-arm-none-eabi/bin/../lib/gcc/arm-none-eabi/8.2.1/thumb/v6-m/nofp/libgcc.a(fixdfsi.o)
 .ARM.attributes
                0x0000000000000bbe       0x2c /home/yxuan/Documents/ESL_Team_8/software_package/gcc-arm-none-eabi/bin/../lib/gcc/arm-none-eabi/8.2.1/thumb/v6-m/nofp/libgcc.a(floatsidf.o)
 .ARM.attributes
                0x0000000000000bea       0x2c /home/yxuan/Documents/ESL_Team_8/software_package/gcc-arm-none-eabi/bin/../lib/gcc/arm-none-eabi/8.2.1/thumb/v6-m/nofp/libgcc.a(extendsfdf2.o)
 .ARM.attributes
                0x0000000000000c16       0x1e /home/yxuan/Documents/ESL_Team_8/software_package/gcc-arm-none-eabi/bin/../lib/gcc/arm-none-eabi/8.2.1/thumb/v6-m/nofp/libgcc.a(_clzsi2.o)
 .ARM.attributes
                0x0000000000000c34       0x2c /home/yxuan/Documents/ESL_Team_8/software_package/gcc-arm-none-eabi/bin/../lib/gcc/arm-none-eabi/8.2.1/../../../../arm-none-eabi/lib/thumb/v6-m/nofp/libc_nano.a(lib_a-errno.o)
 .ARM.attributes
                0x0000000000000c60       0x2c /home/yxuan/Documents/ESL_Team_8/software_package/gcc-arm-none-eabi/bin/../lib/gcc/arm-none-eabi/8.2.1/../../../../arm-none-eabi/lib/thumb/v6-m/nofp/libc_nano.a(lib_a-memcmp.o)
 .ARM.attributes
                0x0000000000000c8c       0x2c /home/yxuan/Documents/ESL_Team_8/software_package/gcc-arm-none-eabi/bin/../lib/gcc/arm-none-eabi/8.2.1/../../../../arm-none-eabi/lib/thumb/v6-m/nofp/libc_nano.a(lib_a-memcpy-stub.o)
 .ARM.attributes
                0x0000000000000cb8       0x2c /home/yxuan/Documents/ESL_Team_8/software_package/gcc-arm-none-eabi/bin/../lib/gcc/arm-none-eabi/8.2.1/../../../../arm-none-eabi/lib/thumb/v6-m/nofp/libc_nano.a(lib_a-printf.o)
 .ARM.attributes
                0x0000000000000ce4       0x2c /home/yxuan/Documents/ESL_Team_8/software_package/gcc-arm-none-eabi/bin/../lib/gcc/arm-none-eabi/8.2.1/../../../../arm-none-eabi/lib/thumb/v6-m/nofp/libc_nano.a(lib_a-findfp.o)
 .ARM.attributes
                0x0000000000000d10       0x2c /home/yxuan/Documents/ESL_Team_8/software_package/gcc-arm-none-eabi/bin/../lib/gcc/arm-none-eabi/8.2.1/../../../../arm-none-eabi/lib/thumb/v6-m/nofp/libc_nano.a(lib_a-fwalk.o)
 .ARM.attributes
                0x0000000000000d3c       0x2c /home/yxuan/Documents/ESL_Team_8/software_package/gcc-arm-none-eabi/bin/../lib/gcc/arm-none-eabi/8.2.1/../../../../arm-none-eabi/lib/thumb/v6-m/nofp/libc_nano.a(lib_a-lock.o)
 .ARM.attributes
                0x0000000000000d68       0x2c /home/yxuan/Documents/ESL_Team_8/software_package/gcc-arm-none-eabi/bin/../lib/gcc/arm-none-eabi/8.2.1/../../../../arm-none-eabi/lib/thumb/v6-m/nofp/libc_nano.a(lib_a-nano-mallocr.o)
 .ARM.attributes
                0x0000000000000d94       0x2c /home/yxuan/Documents/ESL_Team_8/software_package/gcc-arm-none-eabi/bin/../lib/gcc/arm-none-eabi/8.2.1/../../../../arm-none-eabi/lib/thumb/v6-m/nofp/libc_nano.a(lib_a-nano-vfprintf.o)
 .ARM.attributes
                0x0000000000000dc0       0x2c /home/yxuan/Documents/ESL_Team_8/software_package/gcc-arm-none-eabi/bin/../lib/gcc/arm-none-eabi/8.2.1/../../../../arm-none-eabi/lib/thumb/v6-m/nofp/libc_nano.a(lib_a-nano-vfprintf_i.o)
 .ARM.attributes
                0x0000000000000dec       0x2c /home/yxuan/Documents/ESL_Team_8/software_package/gcc-arm-none-eabi/bin/../lib/gcc/arm-none-eabi/8.2.1/../../../../arm-none-eabi/lib/thumb/v6-m/nofp/libc_nano.a(lib_a-sbrkr.o)
 .ARM.attributes
                0x0000000000000e18       0x2c /home/yxuan/Documents/ESL_Team_8/software_package/gcc-arm-none-eabi/bin/../lib/gcc/arm-none-eabi/8.2.1/../../../../arm-none-eabi/lib/thumb/v6-m/nofp/libc_nano.a(lib_a-stdio.o)
 .ARM.attributes
                0x0000000000000e44       0x2c /home/yxuan/Documents/ESL_Team_8/software_package/gcc-arm-none-eabi/bin/../lib/gcc/arm-none-eabi/8.2.1/../../../../arm-none-eabi/lib/thumb/v6-m/nofp/libc_nano.a(lib_a-wbuf.o)
 .ARM.attributes
                0x0000000000000e70       0x2c /home/yxuan/Documents/ESL_Team_8/software_package/gcc-arm-none-eabi/bin/../lib/gcc/arm-none-eabi/8.2.1/../../../../arm-none-eabi/lib/thumb/v6-m/nofp/libc_nano.a(lib_a-writer.o)
 .ARM.attributes
                0x0000000000000e9c       0x2c /home/yxuan/Documents/ESL_Team_8/software_package/gcc-arm-none-eabi/bin/../lib/gcc/arm-none-eabi/8.2.1/../../../../arm-none-eabi/lib/thumb/v6-m/nofp/libc_nano.a(lib_a-wsetup.o)
 .ARM.attributes
                0x0000000000000ec8       0x2c /home/yxuan/Documents/ESL_Team_8/software_package/gcc-arm-none-eabi/bin/../lib/gcc/arm-none-eabi/8.2.1/../../../../arm-none-eabi/lib/thumb/v6-m/nofp/libc_nano.a(lib_a-closer.o)
 .ARM.attributes
                0x0000000000000ef4       0x2c /home/yxuan/Documents/ESL_Team_8/software_package/gcc-arm-none-eabi/bin/../lib/gcc/arm-none-eabi/8.2.1/../../../../arm-none-eabi/lib/thumb/v6-m/nofp/libc_nano.a(lib_a-fflush.o)
 .ARM.attributes
                0x0000000000000f20       0x2c /home/yxuan/Documents/ESL_Team_8/software_package/gcc-arm-none-eabi/bin/../lib/gcc/arm-none-eabi/8.2.1/../../../../arm-none-eabi/lib/thumb/v6-m/nofp/libc_nano.a(lib_a-lseekr.o)
 .ARM.attributes
                0x0000000000000f4c       0x2c /home/yxuan/Documents/ESL_Team_8/software_package/gcc-arm-none-eabi/bin/../lib/gcc/arm-none-eabi/8.2.1/../../../../arm-none-eabi/lib/thumb/v6-m/nofp/libc_nano.a(lib_a-makebuf.o)
 .ARM.attributes
                0x0000000000000f78       0x2c /home/yxuan/Documents/ESL_Team_8/software_package/gcc-arm-none-eabi/bin/../lib/gcc/arm-none-eabi/8.2.1/../../../../arm-none-eabi/lib/thumb/v6-m/nofp/libc_nano.a(lib_a-memchr-stub.o)
 .ARM.attributes
                0x0000000000000fa4       0x2c /home/yxuan/Documents/ESL_Team_8/software_package/gcc-arm-none-eabi/bin/../lib/gcc/arm-none-eabi/8.2.1/../../../../arm-none-eabi/lib/thumb/v6-m/nofp/libc_nano.a(lib_a-mlock.o)
 .ARM.attributes
                0x0000000000000fd0       0x2c /home/yxuan/Documents/ESL_Team_8/software_package/gcc-arm-none-eabi/bin/../lib/gcc/arm-none-eabi/8.2.1/../../../../arm-none-eabi/lib/thumb/v6-m/nofp/libc_nano.a(lib_a-nano-freer.o)
 .ARM.attributes
                0x0000000000000ffc       0x2c /home/yxuan/Documents/ESL_Team_8/software_package/gcc-arm-none-eabi/bin/../lib/gcc/arm-none-eabi/8.2.1/../../../../arm-none-eabi/lib/thumb/v6-m/nofp/libc_nano.a(lib_a-readr.o)
 .ARM.attributes
                0x0000000000001028       0x2c /home/yxuan/Documents/ESL_Team_8/software_package/gcc-arm-none-eabi/bin/../lib/gcc/arm-none-eabi/8.2.1/../../../../arm-none-eabi/lib/thumb/v6-m/nofp/libc_nano.a(lib_a-reent.o)
 .ARM.attributes
                0x0000000000001054       0x2c /home/yxuan/Documents/ESL_Team_8/software_package/gcc-arm-none-eabi/bin/../lib/gcc/arm-none-eabi/8.2.1/../../../../arm-none-eabi/lib/thumb/v6-m/nofp/libc_nano.a(lib_a-fstatr.o)
 .ARM.attributes
                0x0000000000001080       0x2c /home/yxuan/Documents/ESL_Team_8/software_package/gcc-arm-none-eabi/bin/../lib/gcc/arm-none-eabi/8.2.1/../../../../arm-none-eabi/lib/thumb/v6-m/nofp/libc_nano.a(lib_a-isattyr.o)
 .ARM.attributes
                0x00000000000010ac       0x1e /home/yxuan/Documents/ESL_Team_8/software_package/gcc-arm-none-eabi/bin/../lib/gcc/arm-none-eabi/8.2.1/thumb/v6-m/nofp/crtn.o
 .ARM.attributes
                0x00000000000010ca       0x2c /home/yxuan/Documents/ESL_Team_8/software_package/gcc-arm-none-eabi/bin/../lib/gcc/arm-none-eabi/8.2.1/../../../../arm-none-eabi/lib/thumb/v6-m/nofp/libnosys.a(close.o)
 .ARM.attributes
                0x00000000000010f6       0x2c /home/yxuan/Documents/ESL_Team_8/software_package/gcc-arm-none-eabi/bin/../lib/gcc/arm-none-eabi/8.2.1/../../../../arm-none-eabi/lib/thumb/v6-m/nofp/libnosys.a(fstat.o)
 .ARM.attributes
                0x0000000000001122       0x2c /home/yxuan/Documents/ESL_Team_8/software_package/gcc-arm-none-eabi/bin/../lib/gcc/arm-none-eabi/8.2.1/../../../../arm-none-eabi/lib/thumb/v6-m/nofp/libnosys.a(isatty.o)
 .ARM.attributes
                0x000000000000114e       0x2c /home/yxuan/Documents/ESL_Team_8/software_package/gcc-arm-none-eabi/bin/../lib/gcc/arm-none-eabi/8.2.1/../../../../arm-none-eabi/lib/thumb/v6-m/nofp/libnosys.a(lseek.o)
 .ARM.attributes
                0x000000000000117a       0x2c /home/yxuan/Documents/ESL_Team_8/software_package/gcc-arm-none-eabi/bin/../lib/gcc/arm-none-eabi/8.2.1/../../../../arm-none-eabi/lib/thumb/v6-m/nofp/libnosys.a(read.o)
 .ARM.attributes
                0x00000000000011a6       0x2c /home/yxuan/Documents/ESL_Team_8/software_package/gcc-arm-none-eabi/bin/../lib/gcc/arm-none-eabi/8.2.1/../../../../arm-none-eabi/lib/thumb/v6-m/nofp/libnosys.a(sbrk.o)

.comment        0x0000000000000000       0x75
 .comment       0x0000000000000000       0x75 _build/system_nrf51.o
                                         0x76 (size before relaxing)
 .comment       0x0000000000000075       0x76 _build/nrf_delay.o
 .comment       0x0000000000000075       0x76 _build/in4073.o
 .comment       0x0000000000000075       0x76 _build/control.o
 .comment       0x0000000000000075       0x76 _build/gpio.o
 .comment       0x0000000000000075       0x76 _build/timers.o
 .comment       0x0000000000000075       0x76 _build/uart.o
 .comment       0x0000000000000075       0x76 _build/queue.o
 .comment       0x0000000000000075       0x76 _build/twi.o
 .comment       0x0000000000000075       0x76 _build/adc.o
 .comment       0x0000000000000075       0x76 _build/baro.o
 .comment       0x0000000000000075       0x76 _build/ble.o
 .comment       0x0000000000000075       0x76 _build/spi_flash.o
 .comment       0x0000000000000075       0x76 _build/inv_mpu.o
 .comment       0x0000000000000075       0x76 _build/inv_mpu_dmp_motion_driver.o
 .comment       0x0000000000000075       0x76 _build/ml.o
 .comment       0x0000000000000075       0x76 _build/mpu_wrapper.o
 .comment       0x0000000000000075       0x76 _build/app_error.o
 .comment       0x0000000000000075       0x76 _build/app_timer.o
 .comment       0x0000000000000075       0x76 _build/softdevice_handler.o
 .comment       0x0000000000000075       0x76 _build/filter.o
 .comment       0x0000000000000075       0x76 _build/drone_to_pc.o
 .comment       0x0000000000000075       0x76 _build/m_control.o

.debug_frame    0x0000000000000000     0x1070
 .debug_frame   0x0000000000000000       0x28 /home/yxuan/Documents/ESL_Team_8/software_package/gcc-arm-none-eabi/bin/../lib/gcc/arm-none-eabi/8.2.1/../../../../arm-none-eabi/lib/thumb/v6-m/nofp/libc_nano.a(lib_a-exit.o)
 .debug_frame   0x0000000000000028       0x2c /home/yxuan/Documents/ESL_Team_8/software_package/gcc-arm-none-eabi/bin/../lib/gcc/arm-none-eabi/8.2.1/../../../../arm-none-eabi/lib/thumb/v6-m/nofp/libc_nano.a(lib_a-init.o)
 .debug_frame   0x0000000000000054       0x20 /home/yxuan/Documents/ESL_Team_8/software_package/gcc-arm-none-eabi/bin/../lib/gcc/arm-none-eabi/8.2.1/../../../../arm-none-eabi/lib/thumb/v6-m/nofp/libc_nano.a(lib_a-memset.o)
 .debug_frame   0x0000000000000074       0x20 /home/yxuan/Documents/ESL_Team_8/software_package/gcc-arm-none-eabi/bin/../lib/gcc/arm-none-eabi/8.2.1/../../../../arm-none-eabi/lib/thumb/v6-m/nofp/libnosys.a(_exit.o)
 .debug_frame   0x0000000000000094       0x20 /home/yxuan/Documents/ESL_Team_8/software_package/gcc-arm-none-eabi/bin/../lib/gcc/arm-none-eabi/8.2.1/../../../../arm-none-eabi/lib/thumb/v6-m/nofp/libm.a(lib_a-s_fabs.o)